Component: ARM Compiler 5.05 update 1 (build 106) Tool: armlink [4d0efa]

==============================================================================

Section Cross References

    startup_stm32f10x_md.o(RESET) refers to startup_stm32f10x_md.o(STACK) for __initial_sp
    startup_stm32f10x_md.o(RESET) refers to startup_stm32f10x_md.o(.text) for Reset_Handler
    startup_stm32f10x_md.o(RESET) refers to stm32f10x_it.o(.text) for SysTick_Handler
    startup_stm32f10x_md.o(RESET) refers to rtc.o(.text) for RTC_IRQHandler
    startup_stm32f10x_md.o(.text) refers to system_stm32f10x.o(.text) for SystemInit
    startup_stm32f10x_md.o(.text) refers to entry.o(.ARM.Collect$$$$00000000) for __main
    system_stm32f10x.o(.text) refers to system_stm32f10x.o(.data) for SystemCoreClock
    stm32f10x_gpio.o(.text) refers to stm32f10x_rcc.o(.text) for RCC_APB2PeriphResetCmd
    stm32f10x_rcc.o(.text) refers to stm32f10x_rcc.o(.data) for APBAHBPrescTable
    stm32f10x_usart.o(.text) refers to stm32f10x_rcc.o(.text) for RCC_APB2PeriphResetCmd
    stm32f10x_tim.o(.text) refers to stm32f10x_rcc.o(.text) for RCC_APB2PeriphResetCmd
    stm32f10x_spi.o(.text) refers to stm32f10x_rcc.o(.text) for RCC_APB2PeriphResetCmd
    stm32f10x_bkp.o(.text) refers to stm32f10x_rcc.o(.text) for RCC_BackupResetCmd
    stm32f10x_pwr.o(.text) refers to stm32f10x_rcc.o(.text) for RCC_APB1PeriphResetCmd
    stm32f10x_adc.o(.text) refers to stm32f10x_rcc.o(.text) for RCC_APB2PeriphResetCmd
    crc16.o(.text) refers to crc16.o(.constdata) for auchCRCHi
    tool.o(.text) refers to globeram.o(.data) for systick_ms
    bsp_init.o(.text) refers to stm32f10x_rcc.o(.text) for RCC_DeInit
    bsp_init.o(.text) refers to stm32f10x_flash.o(.text) for FLASH_PrefetchBufferCmd
    bsp_init.o(.text) refers to stm32f10x_gpio.o(.text) for GPIO_PinRemapConfig
    bsp_init.o(.text) refers to misc.o(.text) for NVIC_SetVectorTable
    bsp_init.o(.text) refers to stm32f10x_usart.o(.text) for USART_ITConfig
    bsp_init.o(.text) refers to stm32f10x_exti.o(.text) for EXTI_Init
    bsp_init.o(.text) refers to stm32f10x_iwdg.o(.text) for IWDG_WriteAccessCmd
    bsp_init.o(.text) refers to stm32f10x_dbgmcu.o(.text) for DBGMCU_Config
    bsp_init.o(.text) refers to stm32f10x_dma.o(.text) for DMA_DeInit
    bsp_init.o(.text) refers to system_stm32f10x.o(.data) for SystemCoreClock
    bsp_init.o(.text) refers to setuptimer.o(.text) for TIMx_Setus
    bsp_init.o(.text) refers to stm32f10x_rtc.o(.text) for RTC_GetCounter
    bsp_init.o(.text) refers to delay.o(.text) for delay_ms
    bsp_init.o(.text) refers to stm32f10x_pwr.o(.text) for PWR_EnterSTOPMode
    bsp_init.o(.text) refers to adc.o(.text) for ADC1_Init
    bsp_init.o(.text) refers to eeprom.o(.text) for getNFCCardFlag
    bsp_init.o(.text) refers to rtc.o(.text) for RTC_Init
    bsp_init.o(.text) refers to rtc.o(.data) for rtcsecond
    bsp_init.o(.text) refers to ble.o(.data) for nfc_recv_flag
    uartdeal.o(.text) refers to stm32f10x_dma.o(.text) for DMA_Cmd
    uartdeal.o(.text) refers to stm32f10x_usart.o(.text) for USART_ClearFlag
    setuptimer.o(.text) refers to stm32f10x_tim.o(.text) for TIM_DeInit
    setuptimer.o(.text) refers to misc.o(.text) for NVIC_Init
    setuptimer.o(.text) refers to ffltui.o(.text) for __aeabi_ui2f
    setuptimer.o(.text) refers to fmul.o(.text) for __aeabi_fmul
    setuptimer.o(.text) refers to fdiv.o(.text) for __aeabi_fdiv
    setuptimer.o(.text) refers to ffixui.o(.text) for __aeabi_f2uiz
    setuptimer.o(.text) refers to system_stm32f10x.o(.data) for SystemCoreClock
    eeprom.o(.text) refers to stm32f10x_flash.o(.text) for FLASH_Unlock
    eeprom.o(.text) refers to fmul.o(.text) for __aeabi_fmul
    eeprom.o(.text) refers to ffixui.o(.text) for __aeabi_f2uiz
    eeprom.o(.text) refers to fflti.o(.text) for __aeabi_i2f
    eeprom.o(.text) refers to fdiv.o(.text) for __aeabi_fdiv
    eeprom.o(.text) refers to apprunctr.o(.data) for nfccard_flag
    rtc.o(.text) refers to misc.o(.text) for NVIC_Init
    rtc.o(.text) refers to stm32f10x_exti.o(.text) for EXTI_Init
    rtc.o(.text) refers to stm32f10x_rtc.o(.text) for RTC_GetCounter
    rtc.o(.text) refers to stm32f10x_rcc.o(.text) for RCC_APB1PeriphClockCmd
    rtc.o(.text) refers to stm32f10x_pwr.o(.text) for PWR_BackupAccessCmd
    rtc.o(.text) refers to delay.o(.text) for delay_ms
    rtc.o(.text) refers to stm32f10x_bkp.o(.text) for BKP_ReadBackupRegister
    rtc.o(.text) refers to rtc.o(.constdata) for table_week
    rtc.o(.text) refers to rtc.o(.data) for daycnt
    rtc.o(.text) refers to rtc.o(.bss) for calendar
    iic.o(.text) refers to stm32f10x_rcc.o(.text) for RCC_APB2PeriphClockCmd
    iic.o(.text) refers to stm32f10x_gpio.o(.text) for GPIO_Init
    iic.o(.text) refers to delay.o(.text) for delay_us
    30205.o(.text) refers to iic.o(.text) for IIC_Start
    30205.o(.text) refers to fflti.o(.text) for __aeabi_i2f
    30205.o(.text) refers to fmul.o(.text) for __aeabi_fmul
[...]
    .text                                    0x080010d8   Section        0  stm32f10x_usart.o(.text)
    .text                                    0x080014e0   Section        0  stm32f10x_dma.o(.text)
    .text                                    0x08001734   Section        0  stm32f10x_tim.o(.text)
    TI4_Config                               0x08001bdb   Thumb Code   130  stm32f10x_tim.o(.text)
    TI3_Config                               0x08001c6f   Thumb Code   122  stm32f10x_tim.o(.text)
    TI2_Config                               0x08001d03   Thumb Code   130  stm32f10x_tim.o(.text)
    TI1_Config                               0x08001d97   Thumb Code   108  stm32f10x_tim.o(.text)
    .text                                    0x08002550   Section        0  stm32f10x_iwdg.o(.text)
    .text                                    0x08002590   Section        0  stm32f10x_dbgmcu.o(.text)
    .text                                    0x080025c0   Section        0  stm32f10x_bkp.o(.text)
    .text                                    0x08002684   Section        0  stm32f10x_rtc.o(.text)
    .text                                    0x080027e4   Section        0  stm32f10x_pwr.o(.text)
    .text                                    0x080028b0   Section        0  stm32f10x_adc.o(.text)
    .text                                    0x08002d00   Section        0  crc16.o(.text)
    .text                                    0x08002d38   Section        0  tool.o(.text)
    .text                                    0x08002fb0   Section        0  bsp_init.o(.text)
    .text                                    0x080036f8   Section        0  uartdeal.o(.text)
    .text                                    0x080038f8   Section        0  setuptimer.o(.text)
    .text                                    0x08003b04   Section        0  eeprom.o(.text)
    .text                                    0x08003d60   Section        0  rtc.o(.text)
    .text                                    0x08004218   Section        0  iic.o(.text)
    .text                                    0x080044a4   Section        0  30205.o(.text)
    .text                                    0x0800485c   Section        0  delay.o(.text)
    .text                                    0x08004930   Section        0  rn5t618.o(.text)
    .text                                    0x08004d6c   Section        0  i2cdrv.o(.text)
    .text                                    0x08005120   Section        0  adc.o(.text)
    .text                                    0x08005238   Section        0  main.o(.text)
    .text                                    0x08005250   Section        0  stm32f10x_it.o(.text)
    .text                                    0x0800544c   Section        0  apprunctr.o(.text)
    .text                                    0x08005910   Section        0  ble.o(.text)
    .text                                    0x080067a4   Section        0  oled.o(.text)
    .text                                    0x08006ed0   Section        0  strstr.o(.text)
    .text                                    0x08006ef4   Section        0  strlen.o(.text)
    .text                                    0x08006f02   Section        0  fadd.o(.text)
    .text                                    0x08006fb2   Section        0  fmul.o(.text)
    .text                                    0x08007016   Section        0  fdiv.o(.text)
    .text                                    0x08007092   Section        0  dadd.o(.text)
    .text                                    0x080071e0   Section        0  fflti.o(.text)
    .text                                    0x080071f2   Section        0  ffltui.o(.text)
    .text                                    0x080071fc   Section        0  ffixui.o(.text)
    .text                                    0x08007224   Section        0  f2d.o(.text)
    .text                                    0x0800724a   Section        0  d2f.o(.text)
    .text                                    0x08007284   Section       20  cfcmple.o(.text)
    .text                                    0x08007298   Section       20  cfrcmple.o(.text)
    .text                                    0x080072ac   Section        0  uidiv.o(.text)
    .text                                    0x080072d8   Section        0  uldiv.o(.text)
    .text                                    0x0800733a   Section        0  llshl.o(.text)
    .text                                    0x08007358   Section        0  llsshr.o(.text)
    .text                                    0x0800737c   Section        0  fepilogue.o(.text)
    .text                                    0x0800737c   Section        0  iusefp.o(.text)
    .text                                    0x080073ea   Section        0  depilogue.o(.text)
    .text                                    0x080074a4   Section        0  dmul.o(.text)
    .text                                    0x08007588   Section        0  ddiv.o(.text)
    .text                                    0x08007666   Section        0  dfixul.o(.text)
    .text                                    0x08007698   Section       48  cdrcmple.o(.text)
    .text                                    0x080076c8   Section       36  init.o(.text)
    .text                                    0x080076ec   Section        0  llushr.o(.text)
    .text                                    0x0800770c   Section        0  __dczerorl2.o(.text)
    i.__0sprintf                             0x08007764   Section        0  printfa.o(i.__0sprintf)
    i.__scatterload_copy                     0x0800778c   Section       14  handlers.o(i.__scatterload_copy)
    i.__scatterload_null                     0x0800779a   Section        2  handlers.o(i.__scatterload_null)
    i.__scatterload_zeroinit                 0x0800779c   Section       14  handlers.o(i.__scatterload_zeroinit)
    i._fp_digits                             0x080077ac   Section        0  printfa.o(i._fp_digits)
    _fp_digits                               0x080077ad   Thumb Code   334  printfa.o(i._fp_digits)
    i._printf_core                           0x08007910   Section        0  printfa.o(i._printf_core)
    _printf_core                             0x08007911   Thumb Code  1744  printfa.o(i._printf_core)
    i._printf_post_padding                   0x08007fec   Section        0  printfa.o(i._printf_post_padding)
    _printf_post_padding                     0x08007fed   Thumb Code    36  printfa.o(i._printf_post_padding)
    i._printf_pre_padding                    0x08008010   Section        0  printfa.o(i._printf_pre_padding)
    _printf_pre_padding                      0x08008011   Thumb Code    46  printfa.o(i._printf_pre_padding)
    i._sputc                                 0x0800803e   Section        0  printfa.o(i._sputc)
    _sputc                                   0x0800803f   Thumb Code    10  printfa.o(i._sputc)
    .constdata                               0x08008048   Section      512  crc16.o(.constdata)
    .constdata                               0x08008248   Section       24  rtc.o(.constdata)
    .constdata                               0x08008260   Section       20  rn5t618.o(.constdata)
    .constdata                               0x08008274   Section     8152  oled.o(.constdata)
    .data                                    0x20000000   Section       20  system_stm32f10x.o(.data)
    .data                                    0x20000014   Section       20  stm32f10x_rcc.o(.data)
    APBAHBPrescTable                         0x20000014   Data          16  stm32f10x_rcc.o(.data)
    ADCPrescTable                            0x20000024   Data           4  stm32f10x_rcc.o(.data)
    .data                                    0x20000028   Section       14  rtc.o(.data)
    daycnt                                   0x20000034   Data           2  rtc.o(.data)
    .data                                    0x20000038   Section      848  30205.o(.data)
    .data                                    0x20000388   Section        4  delay.o(.data)
    fac_us                                   0x20000388   Data           1  delay.o(.data)
    fac_ms                                   0x2000038a   Data           2  delay.o(.data)
    .data                                    0x2000038c   Section        2  adc.o(.data)
    .data                                    0x20000390   Section       16  globeram.o(.data)
    .data                                    0x200003a0   Section        1  main.o(.data)
    .data                                    0x200003a2   Section        5  stm32f10x_it.o(.data)
    .data                                    0x200003a8   Section       60  apprunctr.o(.data)
    .data                                    0x200003e4   Section      237  ble.o(.data)
    time_cnt                                 0x200004ca   Data           2  ble.o(.data)
    err_cnt                                  0x200004cc   Data           2  ble.o(.data)
    err_master                               0x200004ce   Data           1  ble.o(.data)
    idle_check_cnt                           0x200004cf   Data           1  ble.o(.data)
    waitforcard                              0x200004d0   Data           1  ble.o(.data)
    .data                                    0x200004d1   Section      609  oled.o(.data)
    .bss                                     0x20000734   Section       10  rtc.o(.bss)
    .bss                                     0x2000073e   Section      274  apprunctr.o(.bss)
    .bss                                     0x20000850   Section      600  ble.o(.bss)
    .bss                                     0x20000aa8   Section       64  oled.o(.bss)
    STACK                                    0x20000ae8   Section     1024  startup_stm32f10x_md.o(STACK)

    Global Symbols

    Symbol Name                              Value     Ov Type        Size  Object(Section)

    BuildAttributes$$THM_ISAv4$P$D$K$B$S$PE$A:L22UL41UL21$X:L11$S22US41US21$IEEE1$IW$USESV6$~STKCKD$USESV7$~SHL$OTIME$ROPI$EBA8$MICROLIB$REQ8$PRES8$EABIv2 0x00000000   Number         0  anon$$obj.o ABSOLUTE
    __ARM_use_no_argv                        0x00000000   Number         0  main.o ABSOLUTE
    _printf_a                                0x00000000   Number         0  stubs.o ABSOLUTE
    _printf_c                                0x00000000   Number         0  stubs.o ABSOLUTE
    _printf_charcount                        0x00000000   Number         0  stubs.o ABSOLUTE
    _printf_d                                0x00000000   Number         0  stubs.o ABSOLUTE
    _printf_e                                0x00000000   Number         0  stubs.o ABSOLUTE
    _printf_f                                0x00000000   Number         0  stubs.o ABSOLUTE
    _printf_flags                            0x00000000   Number         0  stubs.o ABSOLUTE
    _printf_fp_dec                           0x00000000   Number         0  stubs.o ABSOLUTE
    _printf_fp_hex                           0x00000000   Number         0  stubs.o ABSOLUTE
    _printf_g                                0x00000000   Number         0  stubs.o ABSOLUTE
    _printf_i                                0x00000000   Number         0  stubs.o ABSOLUTE
    _printf_int_dec                          0x00000000   Number         0  stubs.o ABSOLUTE
    _printf_l                                0x00000000   Number         0  stubs.o ABSOLUTE
    _printf_lc                               0x00000000   Number         0  stubs.o ABSOLUTE
    _printf_ll                               0x00000000   Number         0  stubs.o ABSOLUTE
    _printf_lld                              0x00000000   Number         0  stubs.o ABSOLUTE
    _printf_lli                              0x00000000   Number         0  stubs.o ABSOLUTE
    _printf_llo                              0x00000000   Number         0  stubs.o ABSOLUTE
    _printf_llu                              0x00000000   Number         0  stubs.o ABSOLUTE
    _printf_llx                              0x00000000   Number         0  stubs.o ABSOLUTE
    _printf_longlong_dec                     0x00000000   Number         0  stubs.o ABSOLUTE
    _printf_longlong_hex                     0x00000000   Number         0  stubs.o ABSOLUTE
    _printf_longlong_oct                     0x00000000   Number         0  stubs.o ABSOLUTE
    _printf_ls                               0x00000000   Number         0  stubs.o ABSOLUTE
    _printf_mbtowc                           0x00000000   Number         0  stubs.o ABSOLUTE
    _printf_n                                0x00000000   Number         0  stubs.o ABSOLUTE
    _printf_o                                0x00000000   Number         0  stubs.o ABSOLUTE
    _printf_p                                0x00000000   Number         0  stubs.o ABSOLUTE
    _printf_percent                          0x00000000   Number         0  stubs.o ABSOLUTE
    _printf_pre_padding                      0x00000000   Number         0  stubs.o ABSOLUTE
    _printf_return_value                     0x00000000   Number         0  stubs.o ABSOLUTE
    _printf_s                                0x00000000   Number         0  stubs.o ABSOLUTE
    _printf_sizespec                         0x00000000   Number         0  stubs.o ABSOLUTE
    _printf_str                              0x00000000   Number         0  stubs.o ABSOLUTE
    _printf_truncate_signed                  0x00000000   Number         0  stubs.o ABSOLUTE
    _printf_truncate_unsigned                0x00000000   Number         0  stubs.o ABSOLUTE
    _printf_u                                0x00000000   Number         0  stubs.o ABSOLUTE
    _printf_wc                               0x00000000   Number         0  stubs.o ABSOLUTE
    _printf_wctomb                           0x00000000   Number         0  stubs.o ABSOLUTE
    _printf_widthprec                        0x00000000   Number         0  stubs.o ABSOLUTE
    _printf_x                                0x00000000   Number         0  stubs.o ABSOLUTE
    __cpp_initialize__aeabi_                  - Undefined Weak Reference
    __cxa_finalize                            - Undefined Weak Reference
    _clock_init                               - Undefined Weak Reference
    _microlib_exit                            - Undefined Weak Reference
    __Vectors_Size                           0x000000ec   Number         0  startup_stm32f10x_md.o ABSOLUTE
    __Vectors                                0x08000000   Data           4  startup_stm32f10x_md.o(RESET)
    __Vectors_End                            0x080000ec   Data           0  startup_stm32f10x_md.o(RESET)
    __main                                   0x080000ed   Thumb Code     0  entry.o(.ARM.Collect$$$$00000000)
    _main_stk                                0x080000ed   Thumb Code     0  entry2.o(.ARM.Collect$$$$00000001)
    _main_scatterload                        0x080000f1   Thumb Code     0  entry5.o(.ARM.Collect$$$$00000004)
    __main_after_scatterload                 0x080000f5   Thumb Code     0  entry5.o(.ARM.Collect$$$$00000004)
    _main_clock                              0x080000f5   Thumb Code     0  entry7b.o(.ARM.Collect$$$$00000008)
    _main_cpp_init                           0x080000f5   Thumb Code     0  entry8b.o(.ARM.Collect$$$$0000000A)
    _main_init                               0x080000f5   Thumb Code     0  entry9a.o(.ARM.Collect$$$$0000000B)
    __rt_final_cpp                           0x080000fd   Thumb Code     0  entry10a.o(.ARM.Collect$$$$0000000D)
    __rt_final_exit                          0x080000fd   Thumb Code     0  entry11a.o(.ARM.Collect$$$$0000000F)
    Reset_Handler                            0x08000101   Thumb Code     8  startup_stm32f10x_md.o(.text)
    NMI_Handler                              0x08000109   Thumb Code     2  startup_stm32f10x_md.o(.text)
    HardFault_Handler                        0x0800010b   Thumb Code     2  startup_stm32f10x_md.o(.text)
    MemManage_Handler                        0x0800010d   Thumb Code     2  startup_stm32f10x_md.o(.text)
    BusFault_Handler                         0x0800010f   Thumb Code     2  startup_stm32f10x_md.o(.text)
    UsageFault_Handler                       0x08000111   Thumb Code     2  startup_stm32f10x_md.o(.text)
    SVC_Handler                              0x08000113   Thumb Code     2  startup_stm32f10x_md.o(.text)
    DebugMon_Handler                         0x08000115   Thumb Code     2  startup_stm32f10x_md.o(.text)
    PendSV_Handler                           0x08000117   Thumb Code     2  startup_stm32f10x_md.o(.text)
    ADC1_2_IRQHandler                        0x0800011b   Thumb Code     0  startup_stm32f10x_md.o(.text)
    CAN1_RX1_IRQHandler                      0x0800011b   Thumb Code     0  startup_stm32f10x_md.o(.text)
    CAN1_SCE_IRQHandler                      0x0800011b   Thumb Code     0  startup_stm32f10x_md.o(.text)
    DMA1_Channel1_IRQHandler                 0x0800011b   Thumb Code     0  startup_stm32f10x_md.o(.text)
    DMA1_Channel3_IRQHandler                 0x0800011b   Thumb Code     0  startup_stm32f10x_md.o(.text)
    DMA1_Channel4_IRQHandler                 0x0800011b   Thumb Code     0  startup_stm32f10x_md.o(.text)
    DMA1_Channel5_IRQHandler                 0x0800011b   Thumb Code     0  startup_stm32f10x_md.o(.text)
    DMA1_Channel6_IRQHandler                 0x0800011b   Thumb Code     0  startup_stm32f10x_md.o(.text)
    EXTI0_IRQHandler                         0x0800011b   Thumb Code     0  startup_stm32f10x_md.o(.text)
    EXTI15_10_IRQHandler                     0x0800011b   Thumb Code     0  startup_stm32f10x_md.o(.text)
    EXTI1_IRQHandler                         0x0800011b   Thumb Code     0  startup_stm32f10x_md.o(.text)
    EXTI2_IRQHandler                         0x0800011b   Thumb Code     0  startup_stm32f10x_md.o(.text)
    FLASH_IRQHandler                         0x0800011b   Thumb Code     0  startup_stm32f10x_md.o(.text)
    I2C1_ER_IRQHandler                       0x0800011b   Thumb Code     0  startup_stm32f10x_md.o(.text)
    I2C1_EV_IRQHandler                       0x0800011b   Thumb Code     0  startup_stm32f10x_md.o(.text)
    I2C2_ER_IRQHandler                       0x0800011b   Thumb Code     0  startup_stm32f10x_md.o(.text)
    I2C2_EV_IRQHandler                       0x0800011b   Thumb Code     0  startup_stm32f10x_md.o(.text)
    PVD_IRQHandler                           0x0800011b   Thumb Code     0  startup_stm32f10x_md.o(.text)
    RCC_IRQHandler                           0x0800011b   Thumb Code     0  startup_stm32f10x_md.o(.text)
    SPI1_IRQHandler                          0x0800011b   Thumb Code     0  startup_stm32f10x_md.o(.text)
    SPI2_IRQHandler                          0x0800011b   Thumb Code     0  startup_stm32f10x_md.o(.text)
    TAMPER_IRQHandler                        0x0800011b   Thumb Code     0  startup_stm32f10x_md.o(.text)
    TIM1_BRK_IRQHandler                      0x0800011b   Thumb Code     0  startup_stm32f10x_md.o(.text)
    TIM1_CC_IRQHandler                       0x0800011b   Thumb Code     0  startup_stm32f10x_md.o(.text)
    TIM1_TRG_COM_IRQHandler                  0x0800011b   Thumb Code     0  startup_stm32f10x_md.o(.text)
    TIM1_UP_IRQHandler                       0x0800011b   Thumb Code     0  startup_stm32f10x_md.o(.text)
    TIM3_IRQHandler                          0x0800011b   Thumb Code     0  startup_stm32f10x_md.o(.text)
    TIM4_IRQHandler                          0x0800011b   Thumb Code     0  startup_stm32f10x_md.o(.text)
    USBWakeUp_IRQHandler                     0x0800011b   Thumb Code     0  startup_stm32f10x_md.o(.text)
    USB_HP_CAN1_TX_IRQHandler                0x0800011b   Thumb Code     0  startup_stm32f10x_md.o(.text)
    USB_LP_CAN1_RX0_IRQHandler               0x0800011b   Thumb Code     0  startup_stm32f10x_md.o(.text)
    WWDG_IRQHandler                          0x0800011b   Thumb Code     0  startup_stm32f10x_md.o(.text)
    NVIC_PriorityGroupConfig                 0x08000125   Thumb Code    10  misc.o(.text)
    NVIC_Init                                0x0800012f   Thumb Code   100  misc.o(.text)
    NVIC_SetVectorTable                      0x08000193   Thumb Code    14  misc.o(.text)
    NVIC_SystemLPConfig                      0x080001a1   Thumb Code    34  misc.o(.text)
    SysTick_CLKSourceConfig                  0x080001c3   Thumb Code    40  misc.o(.text)
    SystemInit                               0x08000203   Thumb Code    78  system_stm32f10x.o(.text)
    SystemCoreClockUpdate                    0x08000251   Thumb Code   142  system_stm32f10x.o(.text)
    EXTI_DeInit                              0x08000301   Thumb Code    28  stm32f10x_exti.o(.text)
    EXTI_Init                                0x0800031d   Thumb Code   142  stm32f10x_exti.o(.text)
    EXTI_StructInit                          0x080003ab   Thumb Code    16  stm32f10x_exti.o(.text)
    EXTI_GenerateSWInterrupt                 0x080003bb   Thumb Code    16  stm32f10x_exti.o(.text)
    EXTI_GetFlagStatus                       0x080003cb   Thumb Code    22  stm32f10x_exti.o(.text)
    EXTI_ClearFlag                           0x080003e1   Thumb Code     8  stm32f10x_exti.o(.text)
    EXTI_GetITStatus                         0x080003e9   Thumb Code    34  stm32f10x_exti.o(.text)
    EXTI_ClearITPendingBit                   0x0800040b   Thumb Code     8  stm32f10x_exti.o(.text)
    FLASH_SetLatency                         0x0800041d   Thumb Code    18  stm32f10x_flash.o(.text)
    FLASH_HalfCycleAccessCmd                 0x0800042f   Thumb Code    22  stm32f10x_flash.o(.text)
    FLASH_PrefetchBufferCmd                  0x08000445   Thumb Code    22  stm32f10x_flash.o(.text)
    FLASH_Unlock                             0x0800045b   Thumb Code    12  stm32f10x_flash.o(.text)
    FLASH_UnlockBank1                        0x08000467   Thumb Code    12  stm32f10x_flash.o(.text)
    FLASH_Lock                               0x08000473   Thumb Code    14  stm32f10x_flash.o(.text)
    FLASH_LockBank1                          0x08000481   Thumb Code    14  stm32f10x_flash.o(.text)
    FLASH_GetBank1Status                     0x0800048f   Thumb Code    48  stm32f10x_flash.o(.text)
    FLASH_WaitForLastOperation               0x080004bf   Thumb Code    38  stm32f10x_flash.o(.text)
    FLASH_ErasePage                          0x080004e5   Thumb Code    72  stm32f10x_flash.o(.text)
    FLASH_EraseAllPages                      0x0800052d   Thumb Code    68  stm32f10x_flash.o(.text)
    FLASH_WaitForLastBank1Operation          0x08000571   Thumb Code    38  stm32f10x_flash.o(.text)
    FLASH_EraseAllBank1Pages                 0x08000597   Thumb Code    68  stm32f10x_flash.o(.text)
    FLASH_GetReadOutProtectionStatus         0x080005db   Thumb Code    20  stm32f10x_flash.o(.text)
    FLASH_EraseOptionBytes                   0x080005ef   Thumb Code   150  stm32f10x_flash.o(.text)
    FLASH_ProgramWord                        0x08000685   Thumb Code   102  stm32f10x_flash.o(.text)
    FLASH_ProgramHalfWord                    0x080006eb   Thumb Code    60  stm32f10x_flash.o(.text)
    FLASH_ProgramOptionByteData              0x08000727   Thumb Code    72  stm32f10x_flash.o(.text)
    FLASH_EnableWriteProtection              0x0800076f   Thumb Code   200  stm32f10x_flash.o(.text)
    FLASH_ReadOutProtection                  0x08000837   Thumb Code   156  stm32f10x_flash.o(.text)
    FLASH_UserOptionByteConfig               0x080008d3   Thumb Code    88  stm32f10x_flash.o(.text)
    FLASH_GetUserOptionByte                  0x0800092b   Thumb Code     8  stm32f10x_flash.o(.text)
    FLASH_GetWriteProtectionOptionByte       0x08000933   Thumb Code     6  stm32f10x_flash.o(.text)
    FLASH_GetPrefetchBufferStatus            0x08000939   Thumb Code    20  stm32f10x_flash.o(.text)
    FLASH_ITConfig                           0x0800094d   Thumb Code    26  stm32f10x_flash.o(.text)
    FLASH_GetFlagStatus                      0x08000967   Thumb Code    42  stm32f10x_flash.o(.text)
    FLASH_ClearFlag                          0x08000991   Thumb Code     6  stm32f10x_flash.o(.text)
    FLASH_GetStatus                          0x08000997   Thumb Code    48  stm32f10x_flash.o(.text)
    GPIO_DeInit                              0x080009d9   Thumb Code   172  stm32f10x_gpio.o(.text)
    GPIO_AFIODeInit                          0x08000a85   Thumb Code    20  stm32f10x_gpio.o(.text)
    GPIO_Init                                0x08000a99   Thumb Code   278  stm32f10x_gpio.o(.text)
    GPIO_StructInit                          0x08000baf   Thumb Code    16  stm32f10x_gpio.o(.text)
    GPIO_ReadInputDataBit                    0x08000bbf   Thumb Code    18  stm32f10x_gpio.o(.text)
    GPIO_ReadInputData                       0x08000bd1   Thumb Code     8  stm32f10x_gpio.o(.text)
    GPIO_ReadOutputDataBit                   0x08000bd9   Thumb Code    18  stm32f10x_gpio.o(.text)
    GPIO_ReadOutputData                      0x08000beb   Thumb Code     8  stm32f10x_gpio.o(.text)
    GPIO_SetBits                             0x08000bf3   Thumb Code     4  stm32f10x_gpio.o(.text)
    GPIO_ResetBits                           0x08000bf7   Thumb Code     4  stm32f10x_gpio.o(.text)
    GPIO_WriteBit                            0x08000bfb   Thumb Code    10  stm32f10x_gpio.o(.text)
    GPIO_Write                               0x08000c05   Thumb Code     4  stm32f10x_gpio.o(.text)
    GPIO_PinLockConfig                       0x08000c09   Thumb Code    18  stm32f10x_gpio.o(.text)
    GPIO_EventOutputConfig                   0x08000c1b   Thumb Code    26  stm32f10x_gpio.o(.text)
    GPIO_EventOutputCmd                      0x08000c35   Thumb Code     6  stm32f10x_gpio.o(.text)
    GPIO_PinRemapConfig                      0x08000c3b   Thumb Code   138  stm32f10x_gpio.o(.text)
    GPIO_EXTILineConfig                      0x08000cc5   Thumb Code    66  stm32f10x_gpio.o(.text)
    GPIO_ETH_MediaInterfaceConfig            0x08000d07   Thumb Code     8  stm32f10x_gpio.o(.text)
    RCC_DeInit                               0x08000d35   Thumb Code    64  stm32f10x_rcc.o(.text)
    RCC_HSEConfig                            0x08000d75   Thumb Code    70  stm32f10x_rcc.o(.text)
    RCC_GetFlagStatus                        0x08000dbb   Thumb Code    56  stm32f10x_rcc.o(.text)
    RCC_WaitForHSEStartUp                    0x08000df3   Thumb Code    56  stm32f10x_rcc.o(.text)
    RCC_AdjustHSICalibrationValue            0x08000e2b   Thumb Code    20  stm32f10x_rcc.o(.text)
    RCC_HSICmd                               0x08000e3f   Thumb Code     6  stm32f10x_rcc.o(.text)
    RCC_PLLConfig                            0x08000e45   Thumb Code    24  stm32f10x_rcc.o(.text)
    RCC_PLLCmd                               0x08000e5d   Thumb Code     6  stm32f10x_rcc.o(.text)
    RCC_SYSCLKConfig                         0x08000e63   Thumb Code    18  stm32f10x_rcc.o(.text)
    RCC_GetSYSCLKSource                      0x08000e75   Thumb Code    10  stm32f10x_rcc.o(.text)
    RCC_HCLKConfig                           0x08000e7f   Thumb Code    18  stm32f10x_rcc.o(.text)
    RCC_PCLK1Config                          0x08000e91   Thumb Code    18  stm32f10x_rcc.o(.text)
    RCC_PCLK2Config                          0x08000ea3   Thumb Code    20  stm32f10x_rcc.o(.text)
    RCC_ITConfig                             0x08000eb7   Thumb Code    26  stm32f10x_rcc.o(.text)
    RCC_USBCLKConfig                         0x08000ed1   Thumb Code     8  stm32f10x_rcc.o(.text)
    RCC_ADCCLKConfig                         0x08000ed9   Thumb Code    18  stm32f10x_rcc.o(.text)
    RCC_LSEConfig                            0x08000eeb   Thumb Code    50  stm32f10x_rcc.o(.text)
    RCC_LSICmd                               0x08000f1d   Thumb Code     6  stm32f10x_rcc.o(.text)
    RCC_RTCCLKConfig                         0x08000f23   Thumb Code    12  stm32f10x_rcc.o(.text)
    RCC_RTCCLKCmd                            0x08000f2f   Thumb Code     8  stm32f10x_rcc.o(.text)
    RCC_GetClocksFreq                        0x08000f37   Thumb Code   192  stm32f10x_rcc.o(.text)
    RCC_AHBPeriphClockCmd                    0x08000ff7   Thumb Code    26  stm32f10x_rcc.o(.text)
    RCC_APB2PeriphClockCmd                   0x08001011   Thumb Code    26  stm32f10x_rcc.o(.text)
    RCC_APB1PeriphClockCmd                   0x0800102b   Thumb Code    26  stm32f10x_rcc.o(.text)
    RCC_APB2PeriphResetCmd                   0x08001045   Thumb Code    26  stm32f10x_rcc.o(.text)
    RCC_APB1PeriphResetCmd                   0x0800105f   Thumb Code    26  stm32f10x_rcc.o(.text)
    RCC_BackupResetCmd                       0x08001079   Thumb Code     8  stm32f10x_rcc.o(.text)
    RCC_ClockSecuritySystemCmd               0x08001081   Thumb Code     6  stm32f10x_rcc.o(.text)
    RCC_MCOConfig                            0x08001087   Thumb Code     6  stm32f10x_rcc.o(.text)
    RCC_ClearFlag                            0x0800108d   Thumb Code    14  stm32f10x_rcc.o(.text)
    RCC_GetITStatus                          0x0800109b   Thumb Code    20  stm32f10x_rcc.o(.text)
    RCC_ClearITPendingBit                    0x080010af   Thumb Code     6  stm32f10x_rcc.o(.text)
    USART_DeInit                             0x080010d9   Thumb Code   134  stm32f10x_usart.o(.text)
    USART_Init                               0x0800115f   Thumb Code   210  stm32f10x_usart.o(.text)
    USART_StructInit                         0x08001231   Thumb Code    24  stm32f10x_usart.o(.text)
    USART_ClockInit                          0x08001249   Thumb Code    34  stm32f10x_usart.o(.text)
    USART_ClockStructInit                    0x0800126b   Thumb Code    12  stm32f10x_usart.o(.text)
    USART_Cmd                                0x08001277   Thumb Code    24  stm32f10x_usart.o(.text)
    USART_ITConfig                           0x0800128f   Thumb Code    74  stm32f10x_usart.o(.text)
    USART_DMACmd                             0x080012d9   Thumb Code    18  stm32f10x_usart.o(.text)
    USART_SetAddress                         0x080012eb   Thumb Code    18  stm32f10x_usart.o(.text)
    USART_WakeUpConfig                       0x080012fd   Thumb Code    18  stm32f10x_usart.o(.text)
    USART_ReceiverWakeUpCmd                  0x0800130f   Thumb Code    24  stm32f10x_usart.o(.text)
    USART_LINBreakDetectLengthConfig         0x08001327   Thumb Code    18  stm32f10x_usart.o(.text)
    USART_LINCmd                             0x08001339   Thumb Code    24  stm32f10x_usart.o(.text)
    USART_SendData                           0x08001351   Thumb Code     8  stm32f10x_usart.o(.text)
    USART_ReceiveData                        0x08001359   Thumb Code    10  stm32f10x_usart.o(.text)
    USART_SendBreak                          0x08001363   Thumb Code    10  stm32f10x_usart.o(.text)
    USART_SetGuardTime                       0x0800136d   Thumb Code    16  stm32f10x_usart.o(.text)
    USART_SetPrescaler                       0x0800137d   Thumb Code    16  stm32f10x_usart.o(.text)
    USART_SmartCardCmd                       0x0800138d   Thumb Code    24  stm32f10x_usart.o(.text)
    USART_SmartCardNACKCmd                   0x080013a5   Thumb Code    24  stm32f10x_usart.o(.text)
    USART_HalfDuplexCmd                      0x080013bd   Thumb Code    24  stm32f10x_usart.o(.text)
    USART_OverSampling8Cmd                   0x080013d5   Thumb Code    22  stm32f10x_usart.o(.text)
    USART_OneBitMethodCmd                    0x080013eb   Thumb Code    24  stm32f10x_usart.o(.text)
    USART_IrDAConfig                         0x08001403   Thumb Code    18  stm32f10x_usart.o(.text)
    USART_IrDACmd                            0x08001415   Thumb Code    24  stm32f10x_usart.o(.text)
    USART_GetFlagStatus                      0x0800142d   Thumb Code    26  stm32f10x_usart.o(.text)
    USART_ClearFlag                          0x08001447   Thumb Code    18  stm32f10x_usart.o(.text)
    USART_GetITStatus                        0x08001459   Thumb Code    84  stm32f10x_usart.o(.text)
    USART_ClearITPendingBit                  0x080014ad   Thumb Code    52  stm32f10x_usart.o(.text)
    DMA_DeInit                               0x080014e1   Thumb Code   324  stm32f10x_dma.o(.text)
    DMA_Init                                 0x08001625   Thumb Code    60  stm32f10x_dma.o(.text)
    DMA_StructInit                           0x08001661   Thumb Code    26  stm32f10x_dma.o(.text)
    DMA_Cmd                                  0x0800167b   Thumb Code    24  stm32f10x_dma.o(.text)
    DMA_ITConfig                             0x08001693   Thumb Code    18  stm32f10x_dma.o(.text)
    DMA_SetCurrDataCounter                   0x080016a5   Thumb Code     4  stm32f10x_dma.o(.text)
    DMA_GetCurrDataCounter                   0x080016a9   Thumb Code     8  stm32f10x_dma.o(.text)
    DMA_GetFlagStatus                        0x080016b1   Thumb Code    40  stm32f10x_dma.o(.text)
    DMA_ClearFlag                            0x080016d9   Thumb Code    22  stm32f10x_dma.o(.text)
    DMA_GetITStatus                          0x080016ef   Thumb Code    40  stm32f10x_dma.o(.text)
    DMA_ClearITPendingBit                    0x08001717   Thumb Code    22  stm32f10x_dma.o(.text)
    TIM_DeInit                               0x08001735   Thumb Code   424  stm32f10x_tim.o(.text)
    TIM_TimeBaseInit                         0x080018dd   Thumb Code   122  stm32f10x_tim.o(.text)
    TIM_OC1Init                              0x08001957   Thumb Code   132  stm32f10x_tim.o(.text)
    TIM_OC2Init                              0x080019db   Thumb Code   154  stm32f10x_tim.o(.text)
    TIM_OC3Init                              0x08001a75   Thumb Code   150  stm32f10x_tim.o(.text)
    TIM_OC4Init                              0x08001b0b   Thumb Code   182  stm32f10x_tim.o(.text)
    TIM_SetIC4Prescaler                      0x08001bc1   Thumb Code    26  stm32f10x_tim.o(.text)
    TIM_SetIC3Prescaler                      0x08001c5d   Thumb Code    18  stm32f10x_tim.o(.text)
    TIM_SetIC2Prescaler                      0x08001ce9   Thumb Code    26  stm32f10x_tim.o(.text)
    TIM_SetIC1Prescaler                      0x08001d85   Thumb Code    18  stm32f10x_tim.o(.text)
    TIM_ICInit                               0x08001e03   Thumb Code   150  stm32f10x_tim.o(.text)
    TIM_PWMIConfig                           0x08001e99   Thumb Code   124  stm32f10x_tim.o(.text)
    TIM_BDTRConfig                           0x08001f15   Thumb Code    32  stm32f10x_tim.o(.text)
    TIM_TimeBaseStructInit                   0x08001f35   Thumb Code    18  stm32f10x_tim.o(.text)
    TIM_OCStructInit                         0x08001f47   Thumb Code    20  stm32f10x_tim.o(.text)
    TIM_ICStructInit                         0x08001f5b   Thumb Code    18  stm32f10x_tim.o(.text)
    TIM_BDTRStructInit                       0x08001f6d   Thumb Code    40  stm32f10x_tim.o(.text)
    TIM_Cmd                                  0x08001f95   Thumb Code    24  stm32f10x_tim.o(.text)
    TIM_CtrlPWMOutputs                       0x08001fad   Thumb Code    30  stm32f10x_tim.o(.text)
    TIM_ITConfig                             0x08001fcb   Thumb Code    18  stm32f10x_tim.o(.text)
    TIM_GenerateEvent                        0x08001fdd   Thumb Code     4  stm32f10x_tim.o(.text)
    TIM_DMAConfig                            0x08001fe1   Thumb Code    10  stm32f10x_tim.o(.text)
    TIM_DMACmd                               0x08001feb   Thumb Code    18  stm32f10x_tim.o(.text)
    TIM_InternalClockConfig                  0x08001ffd   Thumb Code    12  stm32f10x_tim.o(.text)
    TIM_SelectInputTrigger                   0x08002009   Thumb Code    18  stm32f10x_tim.o(.text)
    TIM_ITRxExternalClockConfig              0x0800201b   Thumb Code    24  stm32f10x_tim.o(.text)
    TIM_TIxExternalClockConfig               0x08002033   Thumb Code    62  stm32f10x_tim.o(.text)
    TIM_ETRConfig                            0x08002071   Thumb Code    28  stm32f10x_tim.o(.text)
    TIM_ETRClockMode1Config                  0x0800208d   Thumb Code    54  stm32f10x_tim.o(.text)
    TIM_ETRClockMode2Config                  0x080020c3   Thumb Code    32  stm32f10x_tim.o(.text)
    TIM_PrescalerConfig                      0x080020e3   Thumb Code     6  stm32f10x_tim.o(.text)
    TIM_CounterModeConfig                    0x080020e9   Thumb Code    18  stm32f10x_tim.o(.text)
    TIM_EncoderInterfaceConfig               0x080020fb   Thumb Code    66  stm32f10x_tim.o(.text)
    TIM_ForcedOC1Config                      0x0800213d   Thumb Code    18  stm32f10x_tim.o(.text)
    TIM_ForcedOC2Config                      0x0800214f   Thumb Code    26  stm32f10x_tim.o(.text)
    TIM_ForcedOC3Config                      0x08002169   Thumb Code    18  stm32f10x_tim.o(.text)
    TIM_ForcedOC4Config                      0x0800217b   Thumb Code    26  stm32f10x_tim.o(.text)
    TIM_ARRPreloadConfig                     0x08002195   Thumb Code    24  stm32f10x_tim.o(.text)
    TIM_SelectCOM                            0x080021ad   Thumb Code    24  stm32f10x_tim.o(.text)
    TIM_SelectCCDMA                          0x080021c5   Thumb Code    24  stm32f10x_tim.o(.text)
    TIM_CCPreloadControl                     0x080021dd   Thumb Code    24  stm32f10x_tim.o(.text)
    TIM_OC1PreloadConfig                     0x080021f5   Thumb Code    18  stm32f10x_tim.o(.text)
    TIM_OC2PreloadConfig                     0x08002207   Thumb Code    26  stm32f10x_tim.o(.text)
    TIM_OC3PreloadConfig                     0x08002221   Thumb Code    18  stm32f10x_tim.o(.text)
    TIM_OC4PreloadConfig                     0x08002233   Thumb Code    26  stm32f10x_tim.o(.text)
    TIM_OC1FastConfig                        0x0800224d   Thumb Code    18  stm32f10x_tim.o(.text)
    TIM_OC2FastConfig                        0x0800225f   Thumb Code    26  stm32f10x_tim.o(.text)
    TIM_OC3FastConfig                        0x08002279   Thumb Code    18  stm32f10x_tim.o(.text)
    TIM_OC4FastConfig                        0x0800228b   Thumb Code    26  stm32f10x_tim.o(.text)
    TIM_ClearOC1Ref                          0x080022a5   Thumb Code    18  stm32f10x_tim.o(.text)
    TIM_ClearOC2Ref                          0x080022b7   Thumb Code    24  stm32f10x_tim.o(.text)
    TIM_ClearOC3Ref                          0x080022cf   Thumb Code    18  stm32f10x_tim.o(.text)
    TIM_ClearOC4Ref                          0x080022e1   Thumb Code    24  stm32f10x_tim.o(.text)
    TIM_OC1PolarityConfig                    0x080022f9   Thumb Code    18  stm32f10x_tim.o(.text)
    TIM_OC1NPolarityConfig                   0x0800230b   Thumb Code    18  stm32f10x_tim.o(.text)
    TIM_OC2PolarityConfig                    0x0800231d   Thumb Code    26  stm32f10x_tim.o(.text)
    TIM_OC2NPolarityConfig                   0x08002337   Thumb Code    26  stm32f10x_tim.o(.text)
    TIM_OC3PolarityConfig                    0x08002351   Thumb Code    26  stm32f10x_tim.o(.text)
    TIM_OC3NPolarityConfig                   0x0800236b   Thumb Code    26  stm32f10x_tim.o(.text)
    TIM_OC4PolarityConfig                    0x08002385   Thumb Code    26  stm32f10x_tim.o(.text)
    TIM_CCxCmd                               0x0800239f   Thumb Code    30  stm32f10x_tim.o(.text)
    TIM_CCxNCmd                              0x080023bd   Thumb Code    30  stm32f10x_tim.o(.text)
    TIM_SelectOCxM                           0x080023db   Thumb Code    82  stm32f10x_tim.o(.text)
    TIM_UpdateDisableConfig                  0x0800242d   Thumb Code    24  stm32f10x_tim.o(.text)
    TIM_UpdateRequestConfig                  0x08002445   Thumb Code    24  stm32f10x_tim.o(.text)
    TIM_SelectHallSensor                     0x0800245d   Thumb Code    24  stm32f10x_tim.o(.text)
    TIM_SelectOnePulseMode                   0x08002475   Thumb Code    18  stm32f10x_tim.o(.text)
    TIM_SelectOutputTrigger                  0x08002487   Thumb Code    18  stm32f10x_tim.o(.text)
    TIM_SelectSlaveMode                      0x08002499   Thumb Code    18  stm32f10x_tim.o(.text)
    TIM_SelectMasterSlaveMode                0x080024ab   Thumb Code    18  stm32f10x_tim.o(.text)
    TIM_SetCounter                           0x080024bd   Thumb Code     4  stm32f10x_tim.o(.text)
    TIM_SetAutoreload                        0x080024c1   Thumb Code     4  stm32f10x_tim.o(.text)
    TIM_SetCompare1                          0x080024c5   Thumb Code     4  stm32f10x_tim.o(.text)
    TIM_SetCompare2                          0x080024c9   Thumb Code     4  stm32f10x_tim.o(.text)
    TIM_SetCompare3                          0x080024cd   Thumb Code     4  stm32f10x_tim.o(.text)
    TIM_SetCompare4                          0x080024d1   Thumb Code     6  stm32f10x_tim.o(.text)
    TIM_SetClockDivision                     0x080024d7   Thumb Code    18  stm32f10x_tim.o(.text)
    TIM_GetCapture1                          0x080024e9   Thumb Code     6  stm32f10x_tim.o(.text)
    TIM_GetCapture2                          0x080024ef   Thumb Code     6  stm32f10x_tim.o(.text)
    TIM_GetCapture3                          0x080024f5   Thumb Code     6  stm32f10x_tim.o(.text)
    TIM_GetCapture4                          0x080024fb   Thumb Code     8  stm32f10x_tim.o(.text)
    TIM_GetCounter                           0x08002503   Thumb Code     6  stm32f10x_tim.o(.text)
    TIM_GetPrescaler                         0x08002509   Thumb Code     6  stm32f10x_tim.o(.text)
    TIM_GetFlagStatus                        0x0800250f   Thumb Code    18  stm32f10x_tim.o(.text)
    TIM_ClearFlag                            0x08002521   Thumb Code     6  stm32f10x_tim.o(.text)
    TIM_GetITStatus                          0x08002527   Thumb Code    34  stm32f10x_tim.o(.text)
    TIM_ClearITPendingBit                    0x08002549   Thumb Code     6  stm32f10x_tim.o(.text)
    IWDG_WriteAccessCmd                      0x08002551   Thumb Code     6  stm32f10x_iwdg.o(.text)
    IWDG_SetPrescaler                        0x08002557   Thumb Code     6  stm32f10x_iwdg.o(.text)
    IWDG_SetReload                           0x0800255d   Thumb Code     6  stm32f10x_iwdg.o(.text)
    IWDG_ReloadCounter                       0x08002563   Thumb Code    10  stm32f10x_iwdg.o(.text)
    IWDG_Enable                              0x0800256d   Thumb Code    10  stm32f10x_iwdg.o(.text)
    IWDG_GetFlagStatus                       0x08002577   Thumb Code    20  stm32f10x_iwdg.o(.text)
    DBGMCU_GetREVID                          0x08002591   Thumb Code     8  stm32f10x_dbgmcu.o(.text)
    DBGMCU_GetDEVID                          0x08002599   Thumb Code    10  stm32f10x_dbgmcu.o(.text)
    DBGMCU_Config                            0x080025a3   Thumb Code    26  stm32f10x_dbgmcu.o(.text)
    BKP_DeInit                               0x080025c1   Thumb Code    16  stm32f10x_bkp.o(.text)
    BKP_TamperPinLevelConfig                 0x080025d1   Thumb Code     6  stm32f10x_bkp.o(.text)
    BKP_TamperPinCmd                         0x080025d7   Thumb Code     8  stm32f10x_bkp.o(.text)
    BKP_ITConfig                             0x080025df   Thumb Code     8  stm32f10x_bkp.o(.text)
    BKP_RTCOutputConfig                      0x080025e7   Thumb Code    22  stm32f10x_bkp.o(.text)
    BKP_SetRTCCalibrationValue               0x080025fd   Thumb Code    22  stm32f10x_bkp.o(.text)
    BKP_WriteBackupRegister                  0x08002613   Thumb Code    24  stm32f10x_bkp.o(.text)
    BKP_ReadBackupRegister                   0x0800262b   Thumb Code    26  stm32f10x_bkp.o(.text)
    BKP_GetFlagStatus                        0x08002645   Thumb Code    10  stm32f10x_bkp.o(.text)
    BKP_ClearFlag                            0x0800264f   Thumb Code    18  stm32f10x_bkp.o(.text)
    BKP_GetITStatus                          0x08002661   Thumb Code    10  stm32f10x_bkp.o(.text)
    BKP_ClearITPendingBit                    0x0800266b   Thumb Code    18  stm32f10x_bkp.o(.text)
    RTC_ITConfig                             0x08002685   Thumb Code    26  stm32f10x_rtc.o(.text)
    RTC_EnterConfigMode                      0x0800269f   Thumb Code    18  stm32f10x_rtc.o(.text)
    RTC_ExitConfigMode                       0x080026b1   Thumb Code    20  stm32f10x_rtc.o(.text)
    RTC_GetCounter                           0x080026c5   Thumb Code    18  stm32f10x_rtc.o(.text)
    RTC_SetCounter                           0x080026d7   Thumb Code    26  stm32f10x_rtc.o(.text)
    RTC_SetPrescaler                         0x080026f1   Thumb Code    28  stm32f10x_rtc.o(.text)
    RTC_SetAlarm                             0x0800270d   Thumb Code    26  stm32f10x_rtc.o(.text)
    RTC_GetDivider                           0x08002727   Thumb Code    22  stm32f10x_rtc.o(.text)
    RTC_WaitForLastTask                      0x0800273d   Thumb Code    42  stm32f10x_rtc.o(.text)
    RTC_WaitForSynchro                       0x08002767   Thumb Code    36  stm32f10x_rtc.o(.text)
    RTC_GetFlagStatus                        0x0800278b   Thumb Code    22  stm32f10x_rtc.o(.text)
    RTC_ClearFlag                            0x080027a1   Thumb Code    16  stm32f10x_rtc.o(.text)
    RTC_GetITStatus                          0x080027b1   Thumb Code    32  stm32f10x_rtc.o(.text)
    RTC_ClearITPendingBit                    0x080027d1   Thumb Code    16  stm32f10x_rtc.o(.text)
    PWR_DeInit                               0x080027e5   Thumb Code    22  stm32f10x_pwr.o(.text)
    PWR_BackupAccessCmd                      0x080027fb   Thumb Code     6  stm32f10x_pwr.o(.text)
    PWR_PVDCmd                               0x08002801   Thumb Code     6  stm32f10x_pwr.o(.text)
    PWR_PVDLevelConfig                       0x08002807   Thumb Code    18  stm32f10x_pwr.o(.text)
    PWR_WakeUpPinCmd                         0x08002819   Thumb Code     8  stm32f10x_pwr.o(.text)
    PWR_EnterSTOPMode                        0x08002821   Thumb Code    54  stm32f10x_pwr.o(.text)
    PWR_EnterSTANDBYMode                     0x08002857   Thumb Code    42  stm32f10x_pwr.o(.text)
    PWR_GetFlagStatus                        0x08002881   Thumb Code    20  stm32f10x_pwr.o(.text)
    PWR_ClearFlag                            0x08002895   Thumb Code    14  stm32f10x_pwr.o(.text)
    ADC_DeInit                               0x080028b1   Thumb Code    78  stm32f10x_adc.o(.text)
    ADC_Init                                 0x080028ff   Thumb Code    70  stm32f10x_adc.o(.text)
    ADC_StructInit                           0x08002945   Thumb Code    18  stm32f10x_adc.o(.text)
    ADC_Cmd                                  0x08002957   Thumb Code    22  stm32f10x_adc.o(.text)
    ADC_DMACmd                               0x0800296d   Thumb Code    22  stm32f10x_adc.o(.text)
    ADC_ITConfig                             0x08002983   Thumb Code    24  stm32f10x_adc.o(.text)
    ADC_ResetCalibration                     0x0800299b   Thumb Code    10  stm32f10x_adc.o(.text)
    ADC_GetResetCalibrationStatus            0x080029a5   Thumb Code    20  stm32f10x_adc.o(.text)
    ADC_StartCalibration                     0x080029b9   Thumb Code    10  stm32f10x_adc.o(.text)
    ADC_GetCalibrationStatus                 0x080029c3   Thumb Code    20  stm32f10x_adc.o(.text)
    ADC_SoftwareStartConvCmd                 0x080029d7   Thumb Code    22  stm32f10x_adc.o(.text)
    ADC_GetSoftwareStartConvStatus           0x080029ed   Thumb Code    20  stm32f10x_adc.o(.text)
    ADC_DiscModeChannelCountConfig           0x08002a01   Thumb Code    24  stm32f10x_adc.o(.text)
    ADC_DiscModeCmd                          0x08002a19   Thumb Code    22  stm32f10x_adc.o(.text)
    ADC_RegularChannelConfig                 0x08002a2f   Thumb Code   184  stm32f10x_adc.o(.text)
    ADC_ExternalTrigConvCmd                  0x08002ae7   Thumb Code    22  stm32f10x_adc.o(.text)
    ADC_GetConversionValue                   0x08002afd   Thumb Code     8  stm32f10x_adc.o(.text)
    ADC_GetDualModeConversionValue           0x08002b05   Thumb Code     8  stm32f10x_adc.o(.text)
    ADC_AutoInjectedConvCmd                  0x08002b0d   Thumb Code    22  stm32f10x_adc.o(.text)
    ADC_InjectedDiscModeCmd                  0x08002b23   Thumb Code    22  stm32f10x_adc.o(.text)
    ADC_ExternalTrigInjectedConvConfig       0x08002b39   Thumb Code    16  stm32f10x_adc.o(.text)
    ADC_ExternalTrigInjectedConvCmd          0x08002b49   Thumb Code    22  stm32f10x_adc.o(.text)
    ADC_SoftwareStartInjectedConvCmd         0x08002b5f   Thumb Code    22  stm32f10x_adc.o(.text)
    ADC_GetSoftwareStartInjectedConvCmdStatus 0x08002b75   Thumb Code    20  stm32f10x_adc.o(.text)
    ADC_InjectedChannelConfig                0x08002b89   Thumb Code   130  stm32f10x_adc.o(.text)
    ADC_InjectedSequencerLengthConfig        0x08002c0b   Thumb Code    24  stm32f10x_adc.o(.text)
    ADC_SetInjectedOffset                    0x08002c23   Thumb Code    20  stm32f10x_adc.o(.text)
    ADC_GetInjectedConversionValue           0x08002c37   Thumb Code    28  stm32f10x_adc.o(.text)
    ADC_AnalogWatchdogCmd                    0x08002c53   Thumb Code    16  stm32f10x_adc.o(.text)
    ADC_AnalogWatchdogThresholdsConfig       0x08002c63   Thumb Code     6  stm32f10x_adc.o(.text)
    ADC_AnalogWatchdogSingleChannelConfig    0x08002c69   Thumb Code    16  stm32f10x_adc.o(.text)
    ADC_TempSensorVrefintCmd                 0x08002c79   Thumb Code    64  stm32f10x_adc.o(.text)
    ADC_GetFlagStatus                        0x08002cb9   Thumb Code    18  stm32f10x_adc.o(.text)
    ADC_ClearFlag                            0x08002ccb   Thumb Code     6  stm32f10x_adc.o(.text)
    ADC_GetITStatus                          0x08002cd1   Thumb Code    36  stm32f10x_adc.o(.text)
    ADC_ClearITPendingBit                    0x08002cf5   Thumb Code    10  stm32f10x_adc.o(.text)
    CRC16                                    0x08002d01   Thumb Code    48  crc16.o(.text)
    Str2Int                                  0x08002d39   Thumb Code   260  tool.o(.text)
    StrToHex                                 0x08002e3d   Thumb Code    92  tool.o(.text)
    GetDelay                                 0x08002e99   Thumb Code    24  tool.o(.text)
    Average16_NoMinMax                       0x08002eb1   Thumb Code    88  tool.o(.text)
    filterDltaNoMinMax                       0x08002f09   Thumb Code   158  tool.o(.text)
    GetTimeTick                              0x08002fa7   Thumb Code     6  tool.o(.text)
    RCC_Configuration                        0x08002fb1   Thumb Code   168  bsp_init.o(.text)
    prvSetupHardware                         0x08003059   Thumb Code    38  bsp_init.o(.text)
    uart_exti_init                           0x0800307f   Thumb Code   130  bsp_init.o(.text)
    InitBspGPIO                              0x08003101   Thumb Code   110  bsp_init.o(.text)
    ConfigWakeTrigger                        0x0800316f   Thumb Code   184  bsp_init.o(.text)
    IWDG_Init                                0x08003227   Thumb Code    46  bsp_init.o(.text)
    Uart1DMAInit                             0x08003255   Thumb Code   100  bsp_init.o(.text)
    Usart1Int_Configuration                  0x080032b9   Thumb Code    34  bsp_init.o(.text)
    USART_COM1_Init                          0x080032db   Thumb Code   146  bsp_init.o(.text)
    Uart2DMAInit                             0x0800336d   Thumb Code   146  bsp_init.o(.text)
    Usart2Int_Configuration                  0x080033ff   Thumb Code    34  bsp_init.o(.text)
    USART_COM2_Init                          0x08003421   Thumb Code   142  bsp_init.o(.text)
    Uart3DMAInit                             0x080034af   Thumb Code   108  bsp_init.o(.text)
    Usart3Int_Configuration                  0x0800351b   Thumb Code    34  bsp_init.o(.text)
    USART_COM3_Init                          0x0800353d   Thumb Code   150  bsp_init.o(.text)
    TimeTickInit                             0x080035d3   Thumb Code    28  bsp_init.o(.text)
    MotoInit                                 0x080035ef   Thumb Code    20  bsp_init.o(.text)
    EnterStopMode                            0x08003603   Thumb Code   170  bsp_init.o(.text)
    InitMPhaseBsp                            0x080036ad   Thumb Code    36  bsp_init.o(.text)
    Usart1DmaSend                            0x080036f9   Thumb Code    58  uartdeal.o(.text)
    Usart2DmaSend                            0x08003733   Thumb Code    82  uartdeal.o(.text)
    Usart3DmaSend                            0x08003785   Thumb Code    76  uartdeal.o(.text)
    Uart4DmaSend                             0x080037d1   Thumb Code    92  uartdeal.o(.text)
    UartSendNoDMA                            0x0800382d   Thumb Code    72  uartdeal.o(.text)
    Uart2SendNoDMA                           0x08003875   Thumb Code    72  uartdeal.o(.text)
    fputc                                    0x080038bd   Thumb Code    32  uartdeal.o(.text)
    TIMx_Setus                               0x080038f9   Thumb Code    78  setuptimer.o(.text)
    TIMx_Disable                             0x08003947   Thumb Code    24  setuptimer.o(.text)
    TIMx_Enable                              0x0800395f   Thumb Code    32  setuptimer.o(.text)
    Timx_SetupNVIC                           0x0800397f   Thumb Code    34  setuptimer.o(.text)
    setUpPWM                                 0x080039a1   Thumb Code   206  setuptimer.o(.text)
    PWMCtrl                                  0x08003a6f   Thumb Code    28  setuptimer.o(.text)
    setPwmDuty1                              0x08003a8b   Thumb Code    54  setuptimer.o(.text)
    setPwmDuty2                              0x08003ac1   Thumb Code    54  setuptimer.o(.text)
    readEeprom                               0x08003b05   Thumb Code     6  eeprom.o(.text)
    writeEeprom                              0x08003b0b   Thumb Code    52  eeprom.o(.text)
    ClearEeprom                              0x08003b3f   Thumb Code    20  eeprom.o(.text)
    readTempPoint                            0x08003b53   Thumb Code    78  eeprom.o(.text)
    saveTempPoint                            0x08003ba1   Thumb Code   222  eeprom.o(.text)
    saveTempCali                             0x08003c7f   Thumb Code    68  eeprom.o(.text)
    getTempCali                              0x08003cc3   Thumb Code    84  eeprom.o(.text)
    saveNFCCardFlag                          0x08003d17   Thumb Code    20  eeprom.o(.text)
    getNFCCardFlag                           0x08003d2b   Thumb Code    30  eeprom.o(.text)
    RTC_NVIC_Config                          0x08003d61   Thumb Code    32  rtc.o(.text)
    RTC_EXTI_INITIAL                         0x08003d81   Thumb Code    60  rtc.o(.text)
    RTC_Get_Week                             0x08003dbd   Thumb Code   116  rtc.o(.text)
    Is_Leap_Year                             0x08003e31   Thumb Code    58  rtc.o(.text)
    RTC_Get                                  0x08003e6b   Thumb Code   240  rtc.o(.text)
    RTC_Set                                  0x08003f5b   Thumb Code   188  rtc.o(.text)
    RTC_Init                                 0x08004017   Thumb Code   250  rtc.o(.text)
    RTC_IRQHandler                           0x08004111   Thumb Code    42  rtc.o(.text)
    RTCAlarm_IRQHandler                      0x0800413b   Thumb Code    28  rtc.o(.text)
    DateTimeToSecond                         0x08004157   Thumb Code   156  rtc.o(.text)
    IIC_Init                                 0x08004219   Thumb Code    50  iic.o(.text)
    IIC_Start                                0x0800424b   Thumb Code    68  iic.o(.text)
    IIC_Stop                                 0x0800428f   Thumb Code    70  iic.o(.text)
    IIC_Wait_Ack                             0x080042d5   Thumb Code    90  iic.o(.text)
    IIC_Ack                                  0x0800432f   Thumb Code    74  iic.o(.text)
    IIC_NAck                                 0x08004379   Thumb Code    74  iic.o(.text)
    IIC_Send_Byte                            0x080043c3   Thumb Code   108  iic.o(.text)
    IIC_Read_Byte                            0x0800442f   Thumb Code   104  iic.o(.text)
    shutdown                                 0x080044a5   Thumb Code     2  30205.o(.text)
    I2Cwriteaddr                             0x080044a7   Thumb Code    32  30205.o(.text)
    I2CwriteByte                             0x080044c7   Thumb Code    32  30205.o(.text)
    max_init                                 0x080044e7   Thumb Code    38  30205.o(.text)
    I2CreadByte                              0x0800450d   Thumb Code    46  30205.o(.text)
    I2CreadBytes                             0x0800453b   Thumb Code    40  30205.o(.text)
    GetTemperature                           0x08004563   Thumb Code    54  30205.o(.text)
    MAX_shutdown                             0x08004599   Thumb Code    26  30205.o(.text)
    MAX_begin                                0x080045b3   Thumb Code    34  30205.o(.text)
    Read_max16                               0x080045d5   Thumb Code    68  30205.o(.text)
    GetNTCTemperature                        0x08004619   Thumb Code   192  30205.o(.text)
    GetTemperature1                          0x080046d9   Thumb Code   356  30205.o(.text)
    delay_init                               0x0800485d   Thumb Code    50  delay.o(.text)
    delay_us                                 0x0800488f   Thumb Code    72  delay.o(.text)
    delay_ms                                 0x080048d7   Thumb Code    72  delay.o(.text)
    SYS_POWER                                0x08004931   Thumb Code   182  rn5t618.o(.text)
    PowerRN5T618_init                        0x080049e7   Thumb Code    14  rn5t618.o(.text)
    POWERON_CC2541                           0x080049f5   Thumb Code    74  rn5t618.o(.text)
    POWERON_MAX30112                         0x08004a3f   Thumb Code    74  rn5t618.o(.text)
    POWERON_backlight                        0x08004a89   Thumb Code    74  rn5t618.o(.text)
    POWERON_LCD                              0x08004ad3   Thumb Code    74  rn5t618.o(.text)
    POWERON_MMA9555L                         0x08004b1d   Thumb Code    44  rn5t618.o(.text)
    POWEROFF_LCD                             0x08004b49   Thumb Code    50  rn5t618.o(.text)
    POWEROFF_MAX30112                        0x08004b7b   Thumb Code    50  rn5t618.o(.text)
    POWEROFF_backlight                       0x08004bad   Thumb Code    50  rn5t618.o(.text)
    POWEROFF_CC2541                          0x08004bdf   Thumb Code    50  rn5t618.o(.text)
    POWEROFF_MMA9555L                        0x08004c11   Thumb Code    24  rn5t618.o(.text)
    SHUTDOWN_SYS                             0x08004c29   Thumb Code    24  rn5t618.o(.text)
    GET_BATVOLTAGE                           0x08004c41   Thumb Code    90  rn5t618.o(.text)
    GET_BATCAP                               0x08004c9b   Thumb Code   150  rn5t618.o(.text)
    BatteryChargeState                       0x08004d31   Thumb Code    38  rn5t618.o(.text)
    MMA9555L_POWERON                         0x08004d57   Thumb Code     8  rn5t618.o(.text)
    MMA9555L_POWEROFF                        0x08004d5f   Thumb Code     8  rn5t618.o(.text)
    I2C_GPIO_Config                          0x08004d6d   Thumb Code    72  i2cdrv.o(.text)
    I2C_delay                                0x08004db5   Thumb Code    24  i2cdrv.o(.text)
    I2C_Start                                0x08004dcd   Thumb Code    72  i2cdrv.o(.text)
    I2C_Stop                                 0x08004e15   Thumb Code    46  i2cdrv.o(.text)
    I2C_Ack                                  0x08004e43   Thumb Code    46  i2cdrv.o(.text)
    I2C_NoAck                                0x08004e71   Thumb Code    46  i2cdrv.o(.text)
    I2C_WaitAck                              0x08004e9f   Thumb Code    64  i2cdrv.o(.text)
    I2C_SendByte                             0x08004edf   Thumb Code    80  i2cdrv.o(.text)
    I2C_ReceiveByte                          0x08004f2f   Thumb Code    74  i2cdrv.o(.text)
    I2C_WriteHaveAdd                         0x08004f79   Thumb Code   110  i2cdrv.o(.text)
    I2C_WriteNoAdd                           0x08004fe7   Thumb Code    88  i2cdrv.o(.text)
    I2C_ReadHaveAdd                          0x0800503f   Thumb Code   140  i2cdrv.o(.text)
    I2C_ReadNoAdd                            0x080050cb   Thumb Code    86  i2cdrv.o(.text)
    ADC1_GPIO_Config                         0x08005121   Thumb Code    32  adc.o(.text)
    ADC1_Mode_Config                         0x08005141   Thumb Code   218  adc.o(.text)
    ADC1_Init                                0x0800521b   Thumb Code    12  adc.o(.text)
    main                                     0x08005239   Thumb Code    24  main.o(.text)
    SysTick_Handler                          0x08005251   Thumb Code     2  stm32f10x_it.o(.text)
    USART3_IRQHandler                        0x08005253   Thumb Code    44  stm32f10x_it.o(.text)
    USART2_IRQHandler                        0x0800527f   Thumb Code    88  stm32f10x_it.o(.text)
    USART1_IRQHandler                        0x080052d7   Thumb Code    88  stm32f10x_it.o(.text)
    TIM2_IRQHandler                          0x0800532f   Thumb Code   122  stm32f10x_it.o(.text)
    EXTI4_IRQHandler                         0x080053a9   Thumb Code    14  stm32f10x_it.o(.text)
    EXTI3_IRQHandler                         0x080053b7   Thumb Code    14  stm32f10x_it.o(.text)
    EXTI9_5_IRQHandler                       0x080053c5   Thumb Code    22  stm32f10x_it.o(.text)
    DMA1_Channel7_IRQHandler                 0x080053db   Thumb Code    38  stm32f10x_it.o(.text)
    DMA1_Channel2_IRQHandler                 0x08005401   Thumb Code    30  stm32f10x_it.o(.text)
    OledDisplay                              0x0800544d   Thumb Code   284  apprunctr.o(.text)
    UserKeyScan                              0x08005569   Thumb Code   200  apprunctr.o(.text)
    TemperatureGet                           0x08005631   Thumb Code   300  apprunctr.o(.text)
    AppProgramme                             0x0800575d   Thumb Code   392  apprunctr.o(.text)
    Error_Handler                            0x080058e5   Thumb Code    38  apprunctr.o(.text)
    CommClear                                0x08005911   Thumb Code    10  ble.o(.text)
    at_send_cmd                              0x0800591b   Thumb Code   204  ble.o(.text)
    BleInit                                  0x080059e7   Thumb Code   410  ble.o(.text)
    BleSendOut                               0x08005b81   Thumb Code    42  ble.o(.text)
    BLESendToCard                            0x08005bab   Thumb Code   140  ble.o(.text)
    BLESendRece                              0x08005c37   Thumb Code    80  ble.o(.text)
    UpdateTimeControl                        0x08005c87   Thumb Code    70  ble.o(.text)
    BLESendCurrentTemp                       0x08005ccd   Thumb Code   282  ble.o(.text)
    BLESendReply                             0x08005de7   Thumb Code   152  ble.o(.text)
    BleRx_deal                               0x08005e7f   Thumb Code   474  ble.o(.text)
    CommDeal                                 0x08006059   Thumb Code    28  ble.o(.text)
    NFCSendToCard                            0x08006075   Thumb Code   192  ble.o(.text)
    NFCRx_deal                               0x08006135   Thumb Code    16  ble.o(.text)
    NFCDeal                                  0x08006145   Thumb Code   138  ble.o(.text)
    NFCClear                                 0x080061cf   Thumb Code    10  ble.o(.text)
    BleCanSleep                              0x080061d9   Thumb Code    22  ble.o(.text)
    BleSendTask                              0x080061ef   Thumb Code  1350  ble.o(.text)
    BLESendData                              0x08006735   Thumb Code    44  ble.o(.text)
    OLED_WR_Byte                             0x080067a5   Thumb Code    92  oled.o(.text)
    OLED_Set_Pos                             0x08006801   Thumb Code    46  oled.o(.text)
    OLED_Display_On                          0x0800682f   Thumb Code    28  oled.o(.text)
    OLED_Display_Off                         0x0800684b   Thumb Code    28  oled.o(.text)
    OLED_Clear                               0x08006867   Thumb Code    64  oled.o(.text)
    OLED_ShowChar                            0x080068a7   Thumb Code   314  oled.o(.text)
    oled_pow                                 0x080069e1   Thumb Code    22  oled.o(.text)
    OLED_ShowNum                             0x080069f7   Thumb Code   132  oled.o(.text)
    OLED_ShowString                          0x08006a7b   Thumb Code    94  oled.o(.text)
    OLED_ShowCHinese                         0x08006ad9   Thumb Code    98  oled.o(.text)
    OLED_DrawBattery                         0x08006b3b   Thumb Code   256  oled.o(.text)
    OLED_DrawCard                            0x08006c3b   Thumb Code   144  oled.o(.text)
    OLED_DrawBMP                             0x08006ccb   Thumb Code   118  oled.o(.text)
    OLED_Init                                0x08006d41   Thumb Code   374  oled.o(.text)
    strstr                                   0x08006ed1   Thumb Code    36  strstr.o(.text)
    strlen                                   0x08006ef5   Thumb Code    14  strlen.o(.text)
    __aeabi_fadd                             0x08006f03   Thumb Code   164  fadd.o(.text)
    __aeabi_fsub                             0x08006fa7   Thumb Code     6  fadd.o(.text)
    __aeabi_frsub                            0x08006fad   Thumb Code     6  fadd.o(.text)
    __aeabi_fmul                             0x08006fb3   Thumb Code   100  fmul.o(.text)
    __aeabi_fdiv                             0x08007017   Thumb Code   124  fdiv.o(.text)
    __aeabi_dadd                             0x08007093   Thumb Code   322  dadd.o(.text)
    __aeabi_dsub                             0x080071d5   Thumb Code     6  dadd.o(.text)
    __aeabi_drsub                            0x080071db   Thumb Code     6  dadd.o(.text)
    __aeabi_i2f                              0x080071e1   Thumb Code    18  fflti.o(.text)
    __aeabi_ui2f                             0x080071f3   Thumb Code    10  ffltui.o(.text)
    __aeabi_f2uiz                            0x080071fd   Thumb Code    40  ffixui.o(.text)
    __aeabi_f2d                              0x08007225   Thumb Code    38  f2d.o(.text)
    __aeabi_d2f                              0x0800724b   Thumb Code    56  d2f.o(.text)
    __aeabi_cfcmpeq                          0x08007285   Thumb Code     0  cfcmple.o(.text)
    __aeabi_cfcmple                          0x08007285   Thumb Code    20  cfcmple.o(.text)
    __aeabi_cfrcmple                         0x08007299   Thumb Code    20  cfrcmple.o(.text)
    __aeabi_uidiv                            0x080072ad   Thumb Code     0  uidiv.o(.text)
    __aeabi_uidivmod                         0x080072ad   Thumb Code    44  uidiv.o(.text)
    __aeabi_uldivmod                         0x080072d9   Thumb Code    98  uldiv.o(.text)
    __aeabi_llsl                             0x0800733b   Thumb Code    30  llshl.o(.text)
    _ll_shift_l                              0x0800733b   Thumb Code     0  llshl.o(.text)
    __aeabi_lasr                             0x08007359   Thumb Code    36  llsshr.o(.text)
    _ll_sshift_r                             0x08007359   Thumb Code     0  llsshr.o(.text)
    __I$use$fp                               0x0800737d   Thumb Code     0  iusefp.o(.text)
    _float_round                             0x0800737d   Thumb Code    18  fepilogue.o(.text)
    _float_epilogue                          0x0800738f   Thumb Code    92  fepilogue.o(.text)
    _double_round                            0x080073eb   Thumb Code    30  depilogue.o(.text)
    _double_epilogue                         0x08007409   Thumb Code   156  depilogue.o(.text)
    __aeabi_dmul                             0x080074a5   Thumb Code   228  dmul.o(.text)
    __aeabi_ddiv                             0x08007589   Thumb Code   222  ddiv.o(.text)
    __aeabi_d2ulz                            0x08007667   Thumb Code    48  dfixul.o(.text)
    __aeabi_cdrcmple                         0x08007699   Thumb Code    48  cdrcmple.o(.text)
    __scatterload                            0x080076c9   Thumb Code    28  init.o(.text)
    __scatterload_rt2                        0x080076c9   Thumb Code     0  init.o(.text)
    __aeabi_llsr                             0x080076ed   Thumb Code    32  llushr.o(.text)
    _ll_ushift_r                             0x080076ed   Thumb Code     0  llushr.o(.text)
    __decompress                             0x0800770d   Thumb Code     0  __dczerorl2.o(.text)
    __decompress1                            0x0800770d   Thumb Code    86  __dczerorl2.o(.text)
    __0sprintf                               0x08007765   Thumb Code    34  printfa.o(i.__0sprintf)
    __1sprintf                               0x08007765   Thumb Code     0  printfa.o(i.__0sprintf)
    __2sprintf                               0x08007765   Thumb Code     0  printfa.o(i.__0sprintf)
    __c89sprintf                             0x08007765   Thumb Code     0  printfa.o(i.__0sprintf)
    sprintf                                  0x08007765   Thumb Code     0  printfa.o(i.__0sprintf)
    __scatterload_copy                       0x0800778d   Thumb Code    14  handlers.o(i.__scatterload_copy)
    __scatterload_null                       0x0800779b   Thumb Code     2  handlers.o(i.__scatterload_null)
    __scatterload_zeroinit                   0x0800779d   Thumb Code    14  handlers.o(i.__scatterload_zeroinit)
    auchCRCHi                                0x08008048   Data         256  crc16.o(.constdata)
    auchCRCLo                                0x08008148   Data         256  crc16.o(.constdata)
    table_week                               0x08008248   Data          12  rtc.o(.constdata)
    mon_table                                0x08008254   Data          12  rtc.o(.constdata)
    RN5T618_I2C                              0x08008260   Data          20  rn5t618.o(.constdata)
    F6x8                                     0x08008274   Data         552  oled.o(.constdata)
    F8X16                                    0x0800849c   Data        1520  oled.o(.constdata)
    F16X32                                   0x08008a8c   Data        6080  oled.o(.constdata)
    Region$$Table$$Base                      0x0800a24c   Number         0  anon$$obj.o(Region$$Table)
    Region$$Table$$Limit                     0x0800a26c   Number         0  anon$$obj.o(Region$$Table)
    SystemCoreClock                          0x20000000   Data           4  system_stm32f10x.o(.data)
    AHBPrescTable                            0x20000004   Data          16  system_stm32f10x.o(.data)
    alarm_flag                               0x20000028   Data           1  rtc.o(.data)
    rtcsecond                                0x2000002c   Data           4  rtc.o(.data)
    secondTick                               0x20000030   Data           4  rtc.o(.data)
    wendu                                    0x20000038   Data         848  30205.o(.data)
    ADC_ConvertedValue                       0x2000038c   Data           2  adc.o(.data)
    systick_ms                               0x20000390   Data           4  globeram.o(.data)
    deviceAdd                                0x20000394   Data           1  globeram.o(.data)
    SlaverHadTrig                            0x20000395   Data           1  globeram.o(.data)
    KeyValue                                 0x20000396   Data           1  globeram.o(.data)
    LedTimeout                               0x20000397   Data           1  globeram.o(.data)
    checkcount                               0x20000398   Data           1  globeram.o(.data)
    RelayFlag                                0x20000399   Data           1  globeram.o(.data)
    KeyInput                                 0x2000039a   Data           4  globeram.o(.data)
    PC485_ToPC                               0x2000039e   Data           1  globeram.o(.data)
    PCWait_Nrf                               0x2000039f   Data           1  globeram.o(.data)
    tempDevice                               0x200003a0   Data           1  main.o(.data)
    usart2_485_stime                         0x200003a2   Data           1  stm32f10x_it.o(.data)
    ledtime                                  0x200003a4   Data           2  stm32f10x_it.o(.data)
    ledflag                                  0x200003a6   Data           1  stm32f10x_it.o(.data)
    display_timeout                          0x200003a8   Data           4  apprunctr.o(.data)
    last_sendtime                            0x200003ac   Data           1  apprunctr.o(.data)
    nfccard_flag                             0x200003ad   Data           1  apprunctr.o(.data)
    measure_flag                             0x200003ae   Data           1  apprunctr.o(.data)
    measure_pos                              0x200003b0   Data           2  apprunctr.o(.data)
    mensure_timeout                          0x200003b4   Data           4  apprunctr.o(.data)
    CurrentTemp                              0x200003b8   Data           2  apprunctr.o(.data)
    CurrentPoint                             0x200003ba   Data           1  apprunctr.o(.data)
    lastRtcTime                              0x200003bc   Data           4  apprunctr.o(.data)
    ChargeStatus                             0x200003c0   Data           1  apprunctr.o(.data)
    BatteryV                                 0x200003c4   Data           4  apprunctr.o(.data)
    BatteryCap                               0x200003c8   Data           2  apprunctr.o(.data)
    bleCheckCnt                              0x200003ca   Data           2  apprunctr.o(.data)
    tmpCaliK                                 0x200003cc   Data           4  apprunctr.o(.data)
    tmpCaliB                                 0x200003d0   Data           4  apprunctr.o(.data)
    key_press_flag                           0x200003d4   Data           1  apprunctr.o(.data)
    key_press_second                         0x200003d8   Data           4  apprunctr.o(.data)
    oled_dis_flag                            0x200003dc   Data           1  apprunctr.o(.data)
    oled_dis_time                            0x200003e0   Data           4  apprunctr.o(.data)
    BleSentMaster                            0x200003e4   Data           1  ble.o(.data)
    BleSentTemp                              0x200003e5   Data           1  ble.o(.data)
    ble_state                                0x200003e6   Data           1  ble.o(.data)
    ble_recv_flag                            0x200003e7   Data           1  ble.o(.data)
    nfc_recv_flag                            0x200003e8   Data           1  ble.o(.data)
    bleWaitLink                              0x200003e9   Data           1  ble.o(.data)
    bleLinkOk                                0x200003ea   Data           1  ble.o(.data)
    bleMac                                   0x200003eb   Data           6  ble.o(.data)
    bleRecvSize                              0x200003f1   Data           1  ble.o(.data)
    bleReceOk                                0x200003f2   Data           1  ble.o(.data)
    bleMasterType                            0x200003f3   Data           1  ble.o(.data)
    bleEnflag                                0x200003f4   Data           1  ble.o(.data)
    bleShutOffTime                           0x200003f8   Data           4  ble.o(.data)
    UartRBuf_Uart1                           0x200003fc   Data         103  ble.o(.data)
    UartRBuf_Uart2                           0x20000463   Data         103  ble.o(.data)
    Hzk                                      0x200004d1   Data         448  oled.o(.data)
    BatteryPic                               0x20000691   Data          64  oled.o(.data)
    BatteryCharge                            0x200006d1   Data          64  oled.o(.data)
    DrawCard                                 0x20000711   Data          32  oled.o(.data)
    font_size                                0x20000731   Data           1  oled.o(.data)
    calendar                                 0x20000734   Data          10  rtc.o(.bss)
    PcCmdBuf                                 0x2000073e   Data         103  apprunctr.o(.bss)
    measure_buf                              0x200007a6   Data         120  apprunctr.o(.bss)
    displayBuf                               0x2000081e   Data          50  apprunctr.o(.bss)
    bleSendBuf                               0x20000850   Data         300  ble.o(.bss)
    bleRecvBuf                               0x2000097c   Data         300  ble.o(.bss)
    BatteryPecentBuf                         0x20000aa8   Data          64  oled.o(.bss)
    __initial_sp                             0x20000ee8   Data           0  startup_stm32f10x_md.o(STACK)



==============================================================================

Memory Map of the image

  Image Entry point : 0x080000ed

  Load Region LR_IROM1 (Base: 0x08000000, Size: 0x0000a9a0, Max: 0x00020000, ABSOLUTE, COMPRESSED[0x0000a5f0])

    Execution Region ER_IROM1 (Base: 0x08000000, Size: 0x0000a26c, Max: 0x00020000, ABSOLUTE)

    Base Addr    Size         Type   Attr      Idx    E Section Name        Object

    0x08000000   0x000000ec   Data   RO            3    RESET               startup_stm32f10x_md.o
    0x080000ec   0x00000000   Code   RO          676  * .ARM.Collect$$$$00000000  mc_w.l(entry.o)
    0x080000ec   0x00000004   Code   RO          966    .ARM.Collect$$$$00000001  mc_w.l(entry2.o)
    0x080000f0   0x00000004   Code   RO          969    .ARM.Collect$$$$00000004  mc_w.l(entry5.o)
    0x080000f4   0x00000000   Code   RO          971    .ARM.Collect$$$$00000008  mc_w.l(entry7b.o)
    0x080000f4   0x00000000   Code   RO          973    .ARM.Collect$$$$0000000A  mc_w.l(entry8b.o)
    0x080000f4   0x00000008   Code   RO          974    .ARM.Collect$$$$0000000B  mc_w.l(entry9a.o)
    0x080000fc   0x00000000   Code   RO          976    .ARM.Collect$$$$0000000D  mc_w.l(entry10a.o)
    0x080000fc   0x00000000   Code   RO          978    .ARM.Collect$$$$0000000F  mc_w.l(entry11a.o)
    0x080000fc   0x00000004   Code   RO          967    .ARM.Collect$$$$00002712  mc_w.l(entry2.o)
    0x08000100   0x00000024   Code   RO            4    .text               startup_stm32f10x_md.o
    0x08000124   0x000000dc   Code   RO           10    .text               misc.o
    0x08000200   0x00000100   Code   RO           95    .text               system_stm32f10x.o
    0x08000300   0x0000011c   Code   RO          113    .text               stm32f10x_exti.o
    0x0800041c   0x000005bc   Code   RO          125    .text               stm32f10x_flash.o
    0x080009d8   0x0000035c   Code   RO          137    .text               stm32f10x_gpio.o
    0x08000d34   0x000003a4   Code   RO          149    .text               stm32f10x_rcc.o
    0x080010d8   0x00000408   Code   RO          163    .text               stm32f10x_usart.o
    0x080014e0   0x00000254   Code   RO          175    .text               stm32f10x_dma.o
    0x08001734   0x00000e1a   Code   RO          187    .text               stm32f10x_tim.o
    0x0800254e   0x00000002   PAD
    0x08002550   0x00000040   Code   RO          199    .text               stm32f10x_iwdg.o
    0x08002590   0x00000030   Code   RO          211    .text               stm32f10x_dbgmcu.o
    0x080025c0   0x000000c4   Code   RO          235    .text               stm32f10x_bkp.o
    0x08002684   0x00000160   Code   RO          247    .text               stm32f10x_rtc.o
    0x080027e4   0x000000cc   Code   RO          259    .text               stm32f10x_pwr.o
    0x080028b0   0x0000044e   Code   RO          271    .text               stm32f10x_adc.o
    0x08002cfe   0x00000002   PAD
    0x08002d00   0x00000038   Code   RO          283    .text               crc16.o
    0x08002d38   0x00000278   Code   RO          301    .text               tool.o
    0x08002fb0   0x00000748   Code   RO          320    .text               bsp_init.o
    0x080036f8   0x00000200   Code   RO          391    .text               uartdeal.o
    0x080038f8   0x0000020c   Code   RO          403    .text               setuptimer.o
    0x08003b04   0x0000025c   Code   RO          415    .text               eeprom.o
    0x08003d60   0x000004b8   Code   RO          428    .text               rtc.o
    0x08004218   0x0000028c   Code   RO          448    .text               iic.o
    0x080044a4   0x000003b8   Code   RO          463    .text               30205.o
    0x0800485c   0x000000d4   Code   RO          483    .text               delay.o
    0x08004930   0x0000043c   Code   RO          497    .text               rn5t618.o
    0x08004d6c   0x000003b4   Code   RO          519    .text               i2cdrv.o
    0x08005120   0x00000118   Code   RO          531    .text               adc.o
    0x08005238   0x00000018   Code   RO          558    .text               main.o
    0x08005250   0x000001fc   Code   RO          577    .text               stm32f10x_it.o
    0x0800544c   0x000004c4   Code   RO          597    .text               apprunctr.o
    0x08005910   0x00000e94   Code   RO          625    .text               ble.o
    0x080067a4   0x0000072c   Code   RO          653    .text               oled.o
    0x08006ed0   0x00000024   Code   RO          679    .text               mc_w.l(strstr.o)
    0x08006ef4   0x0000000e   Code   RO          681    .text               mc_w.l(strlen.o)
    0x08006f02   0x000000b0   Code   RO          944    .text               mf_w.l(fadd.o)
    0x08006fb2   0x00000064   Code   RO          946    .text               mf_w.l(fmul.o)
    0x08007016   0x0000007c   Code   RO          948    .text               mf_w.l(fdiv.o)
    0x08007092   0x0000014e   Code   RO          950    .text               mf_w.l(dadd.o)
    0x080071e0   0x00000012   Code   RO          952    .text               mf_w.l(fflti.o)
    0x080071f2   0x0000000a   Code   RO          954    .text               mf_w.l(ffltui.o)
    0x080071fc   0x00000028   Code   RO          956    .text               mf_w.l(ffixui.o)
    0x08007224   0x00000026   Code   RO          958    .text               mf_w.l(f2d.o)
    0x0800724a   0x00000038   Code   RO          960    .text               mf_w.l(d2f.o)
    0x08007282   0x00000002   PAD
    0x08007284   0x00000014   Code   RO          962    .text               mf_w.l(cfcmple.o)
    0x08007298   0x00000014   Code   RO          964    .text               mf_w.l(cfrcmple.o)
    0x080072ac   0x0000002c   Code   RO          981    .text               mc_w.l(uidiv.o)
    0x080072d8   0x00000062   Code   RO          983    .text               mc_w.l(uldiv.o)
    0x0800733a   0x0000001e   Code   RO          985    .text               mc_w.l(llshl.o)
    0x08007358   0x00000024   Code   RO          987    .text               mc_w.l(llsshr.o)
    0x0800737c   0x00000000   Code   RO          989    .text               mc_w.l(iusefp.o)
    0x0800737c   0x0000006e   Code   RO          990    .text               mf_w.l(fepilogue.o)
    0x080073ea   0x000000ba   Code   RO          992    .text               mf_w.l(depilogue.o)
    0x080074a4   0x000000e4   Code   RO          994    .text               mf_w.l(dmul.o)
    0x08007588   0x000000de   Code   RO          996    .text               mf_w.l(ddiv.o)
    0x08007666   0x00000030   Code   RO          998    .text               mf_w.l(dfixul.o)
    0x08007696   0x00000002   PAD
    0x08007698   0x00000030   Code   RO         1000    .text               mf_w.l(cdrcmple.o)
    0x080076c8   0x00000024   Code   RO         1002    .text               mc_w.l(init.o)
    0x080076ec   0x00000020   Code   RO         1004    .text               mc_w.l(llushr.o)
    0x0800770c   0x00000056   Code   RO         1014    .text               mc_w.l(__dczerorl2.o)
    0x08007762   0x00000002   PAD
    0x08007764   0x00000028   Code   RO          918    i.__0sprintf        mc_w.l(printfa.o)
    0x0800778c   0x0000000e   Code   RO         1008    i.__scatterload_copy  mc_w.l(handlers.o)
    0x0800779a   0x00000002   Code   RO         1009    i.__scatterload_null  mc_w.l(handlers.o)
    0x0800779c   0x0000000e   Code   RO         1010    i.__scatterload_zeroinit  mc_w.l(handlers.o)
    0x080077aa   0x00000002   PAD
    0x080077ac   0x00000164   Code   RO          923    i._fp_digits        mc_w.l(printfa.o)
    0x08007910   0x000006dc   Code   RO          924    i._printf_core      mc_w.l(printfa.o)
    0x08007fec   0x00000024   Code   RO          925    i._printf_post_padding  mc_w.l(printfa.o)
    0x08008010   0x0000002e   Code   RO          926    i._printf_pre_padding  mc_w.l(printfa.o)
    0x0800803e   0x0000000a   Code   RO          928    i._sputc            mc_w.l(printfa.o)
    0x08008048   0x00000200   Data   RO          284    .constdata          crc16.o
    0x08008248   0x00000018   Data   RO          430    .constdata          rtc.o
    0x08008260   0x00000014   Data   RO          498    .constdata          rn5t618.o
    0x08008274   0x00001fd8   Data   RO          655    .constdata          oled.o
    0x0800a24c   0x00000020   Data   RO         1006    Region$$Table       anon$$obj.o


    Execution Region RW_IRAM1 (Base: 0x20000000, Size: 0x00000ee8, Max: 0x00005000, ABSOLUTE, COMPRESSED[0x00000384])

    Base Addr    Size         Type   Attr      Idx    E Section Name        Object

    0x20000000   0x00000014   Data   RW           96    .data               system_stm32f10x.o
    0x20000014   0x00000014   Data   RW          150    .data               stm32f10x_rcc.o
    0x20000028   0x0000000e   Data   RW          431    .data               rtc.o
    0x20000036   0x00000002   PAD
    0x20000038   0x00000350   Data   RW          464    .data               30205.o
    0x20000388   0x00000004   Data   RW          484    .data               delay.o
    0x2000038c   0x00000002   Data   RW          532    .data               adc.o
    0x2000038e   0x00000002   PAD
    0x20000390   0x00000010   Data   RW          546    .data               globeram.o
    0x200003a0   0x00000001   Data   RW          559    .data               main.o
    0x200003a1   0x00000001   PAD
    0x200003a2   0x00000005   Data   RW          578    .data               stm32f10x_it.o
    0x200003a7   0x00000001   PAD
    0x200003a8   0x0000003c   Data   RW          599    .data               apprunctr.o
    0x200003e4   0x000000ed   Data   RW          627    .data               ble.o
    0x200004d1   0x00000261   Data   RW          656    .data               oled.o
    0x20000732   0x00000002   PAD
    0x20000734   0x0000000a   Zero   RW          429    .bss                rtc.o
    0x2000073e   0x00000112   Zero   RW          598    .bss                apprunctr.o
    0x20000850   0x00000258   Zero   RW          626    .bss                ble.o
    0x20000aa8   0x00000040   Zero   RW          654    .bss                oled.o
    0x20000ae8   0x00000400   Zero   RW            1    STACK               startup_stm32f10x_md.o


==============================================================================

Image component sizes


      Code (inc. data)   RO Data    RW Data    ZI Data      Debug   Object Name

       952         32          0        848          0       3818   30205.o
       280         18          0          2          0       1555   adc.o
      1220        186          0         60        274       4400   apprunctr.o
      3732        358          0        237        600       9154   ble.o
      1864         76          0          0          0       8061   bsp_init.o
        56          8        512          0          0       1350   crc16.o
       212         18          0          4          0       1051   delay.o
       604         24          0          0          0       2893   eeprom.o
         0          0          0         16          0        913   globeram.o
       948          0          0          0          0       4592   i2cdrv.o
       652         14          0          0          0       1872   iic.o
        24          0          0          1          0        748   main.o
       220         22          0          0          0     280877   misc.o
      1836         58       8152        609         64       6172   oled.o
      1084         14         20          0          0       4563   rn5t618.o
      1208         38         24         14         10       4910   rtc.o
       524         14          0          0          0       2462   setuptimer.o
        36          8        236          0       1024        852   startup_stm32f10x_md.o
      1102         26          0          0          0      10853   stm32f10x_adc.o
       196          8          0          0          0       3480   stm32f10x_bkp.o
        48          4          0          0          0        876   stm32f10x_dbgmcu.o
       596          8          0          0          0       4346   stm32f10x_dma.o
       284         10          0          0          0       2255   stm32f10x_exti.o
      1468         34          0          0          0       8046   stm32f10x_flash.o
       860         38          0          0          0       5665   stm32f10x_gpio.o
       508         46          0          5          0       2338   stm32f10x_it.o
        64          6          0          0          0       1277   stm32f10x_iwdg.o
       204         14          0          0          0       1931   stm32f10x_pwr.o
       932         36          0         20          0       8852   stm32f10x_rcc.o
       352          4          0          0          0       2754   stm32f10x_rtc.o
      3610         88          0          0          0      22152   stm32f10x_tim.o
      1032         22          0          0          0       8388   stm32f10x_usart.o
       256         34          0         20          0       1591   system_stm32f10x.o
       632          4          0          0          0       4459   tool.o
       512         28          0          0          0       2556   uartdeal.o

    ----------------------------------------------------------------------
     28112       1298       8976       1844       1972     432062   Object Totals
         0          0         32          0          0          0   (incl. Generated)
         4          0          0          8          0          0   (incl. Padding)

    ----------------------------------------------------------------------

      Code (inc. data)   RO Data    RW Data    ZI Data      Debug   Library Member Name

        86          0          0          0          0          0   __dczerorl2.o
         0          0          0          0          0          0   entry.o
         0          0          0          0          0          0   entry10a.o
         0          0          0          0          0          0   entry11a.o
         8          4          0          0          0          0   entry2.o
         4          0          0          0          0          0   entry5.o
         0          0          0          0          0          0   entry7b.o
         0          0          0          0          0          0   entry8b.o
         8          4          0          0          0          0   entry9a.o
        30          0          0          0          0          0   handlers.o
        36          8          0          0          0         68   init.o
         0          0          0          0          0          0   iusefp.o
        30          0          0          0          0         68   llshl.o
        36          0          0          0          0         68   llsshr.o
        32          0          0          0          0         68   llushr.o
      2244         86          0          0          0        512   printfa.o
        14          0          0          0          0         68   strlen.o
        36          0          0          0          0         80   strstr.o
        44          0          0          0          0         80   uidiv.o
        98          0          0          0          0         92   uldiv.o
        48          0          0          0          0         68   cdrcmple.o
        20          0          0          0          0         68   cfcmple.o
        20          0          0          0          0         68   cfrcmple.o
        56          0          0          0          0         88   d2f.o
       334          0          0          0          0        148   dadd.o
       222          0          0          0          0        100   ddiv.o
       186          0          0          0          0        176   depilogue.o
        48          0          0          0          0         68   dfixul.o
       228          0          0          0          0         96   dmul.o
        38          0          0          0          0         68   f2d.o
       176          0          0          0          0        140   fadd.o
       124          0          0          0          0         88   fdiv.o
       110          0          0          0          0        168   fepilogue.o
        40          0          0          0          0         68   ffixui.o
        18          0          0          0          0         68   fflti.o
        10          0          0          0          0         68   ffltui.o
       100          0          0          0          0         76   fmul.o

    ----------------------------------------------------------------------
      4492        102          0          0          0       2728   Library Totals
         8          0          0          0          0          0   (incl. Padding)

    ----------------------------------------------------------------------

      Code (inc. data)   RO Data    RW Data    ZI Data      Debug   Library Name

      2706        102          0          0          0       1104   mc_w.l
      1778          0          0          0          0       1624   mf_w.l

    ----------------------------------------------------------------------
      4492        102          0          0          0       2728   Library Totals

    ----------------------------------------------------------------------

==============================================================================


      Code (inc. data)   RO Data    RW Data    ZI Data      Debug   

     32604       1400       8976       1844       1972     429978   Grand Totals
     32604       1400       8976        900       1972     429978   ELF Image Totals (compressed)
     32604       1400       8976        900          0          0   ROM Totals

==============================================================================

    Total RO  Size (Code + RO Data)                41580 (  40.61kB)
    Total RW  Size (RW Data + ZI Data)              3816 (   3.73kB)
    Total ROM Size (Code + RO Data + RW Data)      42480 (  41.48kB)

==============================================================================

