Component: ARM Compiler 5.05 update 1 (build 106) Tool: armlink [4d0efa]

==============================================================================

Section Cross References

    startup_stm32f10x_md.o(RESET) refers to startup_stm32f10x_md.o(STACK) for __initial_sp
    startup_stm32f10x_md.o(RESET) refers to startup_stm32f10x_md.o(.text) for Reset_Handler
    startup_stm32f10x_md.o(RESET) refers to stm32f10x_it.o(.text) for SysTick_Handler
    startup_stm32f10x_md.o(.text) refers to system_stm32f10x.o(.text) for SystemInit
    startup_stm32f10x_md.o(.text) refers to entry.o(.ARM.Collect$$$$00000000) for __main
    system_stm32f10x.o(.text) refers to system_stm32f10x.o(.data) for SystemCoreClock
    stm32f10x_can.o(.text) refers to stm32f10x_rcc.o(.text) for RCC_APB1PeriphResetCmd
    stm32f10x_gpio.o(.text) refers to stm32f10x_rcc.o(.text) for RCC_APB2PeriphResetCmd
    stm32f10x_rcc.o(.text) refers to stm32f10x_rcc.o(.data) for APBAHBPrescTable
    stm32f10x_usart.o(.text) refers to stm32f10x_rcc.o(.text) for RCC_APB2PeriphResetCmd
    stm32f10x_tim.o(.text) refers to stm32f10x_rcc.o(.text) for RCC_APB2PeriphResetCmd
    stm32f10x_spi.o(.text) refers to stm32f10x_rcc.o(.text) for RCC_APB2PeriphResetCmd
    crc16.o(.text) refers to crc16.o(.constdata) for auchCRCHi
    tool.o(.text) refers to globeram.o(.data) for systick_ms
    bsp_init.o(.text) refers to stm32f10x_rcc.o(.text) for RCC_APB2PeriphClockCmd
    bsp_init.o(.text) refers to misc.o(.text) for NVIC_SetVectorTable
    bsp_init.o(.text) refers to stm32f10x_gpio.o(.text) for GPIO_Init
    bsp_init.o(.text) refers to stm32f10x_iwdg.o(.text) for IWDG_WriteAccessCmd
    bsp_init.o(.text) refers to stm32f10x_dbgmcu.o(.text) for DBGMCU_Config
    bsp_init.o(.text) refers to stm32f10x_dma.o(.text) for DMA_DeInit
    bsp_init.o(.text) refers to stm32f10x_usart.o(.text) for USART_DMACmd
    bsp_init.o(.text) refers to setuptimer.o(.text) for TIMx_Setus
    bsp_init.o(.text) refers to systick.o(.text) for systick_init
    uartdeal.o(.text) refers to stm32f10x_dma.o(.text) for DMA_Cmd
    uartdeal.o(.text) refers to stm32f10x_usart.o(.text) for USART_ClearFlag
    systick.o(.text) refers to system_stm32f10x.o(.data) for SystemCoreClock
    systick.o(.text) refers to systick.o(.data) for SysTickDelayTime
    setuptimer.o(.text) refers to stm32f10x_tim.o(.text) for TIM_DeInit
    setuptimer.o(.text) refers to misc.o(.text) for NVIC_Init
    setuptimer.o(.text) refers to ffltui.o(.text) for __aeabi_ui2f
    setuptimer.o(.text) refers to fmul.o(.text) for __aeabi_fmul
    setuptimer.o(.text) refers to fdiv.o(.text) for __aeabi_fdiv
    setuptimer.o(.text) refers to ffixui.o(.text) for __aeabi_f2uiz
    setuptimer.o(.text) refers to system_stm32f10x.o(.data) for SystemCoreClock
    eeprom.o(.text) refers to stm32f10x_flash.o(.text) for FLASH_Unlock
    main.o(.text) refers to bsp_init.o(.text) for InitMPhaseBsp
    main.o(.text) refers to printf8.o(i.__0printf$8) for __2printf
    main.o(.text) refers to systick.o(.text) for delay_ms
    main.o(.text) refers to apprunctr.o(.text) for AppProgramme
    stm32f10x_it.o(.text) refers to systick.o(.text) for SysTickDelayTime_Counter
    stm32f10x_it.o(.text) refers to stm32f10x_usart.o(.text) for USART_GetITStatus
    stm32f10x_it.o(.text) refers to stm32f10x_tim.o(.text) for TIM_GetITStatus
    stm32f10x_it.o(.text) refers to w5500_conf.o(.text) for timer2_isr
    stm32f10x_it.o(.text) refers to stm32f10x_exti.o(.text) for EXTI_ClearITPendingBit
    stm32f10x_it.o(.text) refers to stm32f10x_dma.o(.text) for DMA_GetITStatus
    stm32f10x_it.o(.text) refers to lte4g.o(.bss) for LteRBuf
    stm32f10x_it.o(.text) refers to apprunctr.o(.bss) for PcCmdBuf
    stm32f10x_it.o(.text) refers to globeram.o(.data) for systick_ms
    stm32f10x_it.o(.text) refers to stm32f10x_it.o(.data) for ledtime
    stm32f10x_it.o(.text) refers to tcp_demo.o(.data) for TCP_ClientState
    apprunctr.o(.text) refers to eeprom.o(.text) for ClearEeprom
    apprunctr.o(.text) refers to strlen.o(.text) for strlen
    apprunctr.o(.text) refers to atoi.o(.text) for atoi
    apprunctr.o(.text) refers to memseta.o(.text) for __aeabi_memclr4
    apprunctr.o(.text) refers to strcmp.o(.text) for strcmp
    apprunctr.o(.text) refers to tool.o(.text) for GetTimeTick
    apprunctr.o(.text) refers to uartdeal.o(.text) for UartSendNoDMA
    apprunctr.o(.text) refers to apprunctr.o(.data) for LteServer_IP
    apprunctr.o(.text) refers to w5500_conf.o(.data) for local_ip
    apprunctr.o(.text) refers to apprunctr.o(.bss) for PcCmdBuf
    apprunctr.o(.text) refers to printf8.o(i.__0printf$8) for __2printf
    apprunctr.o(.text) refers to lte4g.o(.text) for LTE4G_AppRun
    apprunctr.o(.text) refers to tcp_demo.o(.text) for Tcp_AppRun
    apprunctr.o(.text) refers to systick.o(.text) for delay_ms
    apprunctr.o(.text) refers to lte4g.o(.data) for ToChangeLteServer
    apprunctr.o(.text) refers to tcp_demo.o(.data) for ToChangePlcServer
[...]
    ../clib/microlib/printf/printf.c         0x00000000   Number         0  printf3.o ABSOLUTE
    ../clib/microlib/printf/printf.c         0x00000000   Number         0  printf2.o ABSOLUTE
    ../clib/microlib/printf/printf.c         0x00000000   Number         0  printf1.o ABSOLUTE
    ../clib/microlib/printf/stubs.s          0x00000000   Number         0  stubs.o ABSOLUTE
    ../clib/microlib/stdio/streams.c         0x00000000   Number         0  stdout.o ABSOLUTE
    ../clib/microlib/string/memcmp.c         0x00000000   Number         0  memcmp.o ABSOLUTE
    ../clib/microlib/string/memcpy.c         0x00000000   Number         0  memcpya.o ABSOLUTE
    ../clib/microlib/string/memcpy.c         0x00000000   Number         0  memcpyb.o ABSOLUTE
    ../clib/microlib/string/memset.c         0x00000000   Number         0  memseta.o ABSOLUTE
    ../clib/microlib/string/strcmp.c         0x00000000   Number         0  strcmp.o ABSOLUTE
    ../clib/microlib/string/strcpy.c         0x00000000   Number         0  strcpy.o ABSOLUTE
    ../clib/microlib/string/strlen.c         0x00000000   Number         0  strlen.o ABSOLUTE
    ../clib/microlib/string/strncpy.c        0x00000000   Number         0  strncpy.o ABSOLUTE
    ../clib/microlib/string/strstr.c         0x00000000   Number         0  strstr.o ABSOLUTE
    ../clib/microlib/string/strtok.c         0x00000000   Number         0  strtok_r.o ABSOLUTE
    ../clib/microlib/string/strtok.c         0x00000000   Number         0  strtok.o ABSOLUTE
    ../clib/microlib/stubs.s                 0x00000000   Number         0  iusefp.o ABSOLUTE
    ../clib/scanf.c                          0x00000000   Number         0  atoi.o ABSOLUTE
    ../clib/scanf.c                          0x00000000   Number         0  _chval.o ABSOLUTE
    ../clib/scanf.c                          0x00000000   Number         0  strtol.o ABSOLUTE
    ../clib/scanf.c                          0x00000000   Number         0  _strtoul.o ABSOLUTE
    ../fplib/microlib/fpadd.c                0x00000000   Number         0  dadd.o ABSOLUTE
    ../fplib/microlib/fpdiv.c                0x00000000   Number         0  fdiv.o ABSOLUTE
    ../fplib/microlib/fpdiv.c                0x00000000   Number         0  ddiv.o ABSOLUTE
    ../fplib/microlib/fpepilogue.c           0x00000000   Number         0  depilogue.o ABSOLUTE
    ../fplib/microlib/fpepilogue.c           0x00000000   Number         0  fepilogue.o ABSOLUTE
    ../fplib/microlib/fpfix.c                0x00000000   Number         0  dfixul.o ABSOLUTE
    ../fplib/microlib/fpfix.c                0x00000000   Number         0  ffixui.o ABSOLUTE
    ../fplib/microlib/fpflt.c                0x00000000   Number         0  ffltui.o ABSOLUTE
    ../fplib/microlib/fpmul.c                0x00000000   Number         0  fmul.o ABSOLUTE
    ../fplib/microlib/fpmul.c                0x00000000   Number         0  dmul.o ABSOLUTE
    ..\App\AppRunCtr.c                       0x00000000   Number         0  apprunctr.o ABSOLUTE
    ..\App\GlobeRam.c                        0x00000000   Number         0  globeram.o ABSOLUTE
    ..\App\LTE4G.c                           0x00000000   Number         0  lte4g.o ABSOLUTE
    ..\App\main.c                            0x00000000   Number         0  main.o ABSOLUTE
    ..\App\stm32f10x_it.c                    0x00000000   Number         0  stm32f10x_it.o ABSOLUTE
    ..\Driver\Crc16.c                        0x00000000   Number         0  crc16.o ABSOLUTE
    ..\Driver\SetupTimer.c                   0x00000000   Number         0  setuptimer.o ABSOLUTE
    ..\Driver\bsp_init.c                     0x00000000   Number         0  bsp_init.o ABSOLUTE
    ..\Driver\eeprom.c                       0x00000000   Number         0  eeprom.o ABSOLUTE
    ..\Driver\systick.c                      0x00000000   Number         0  systick.o ABSOLUTE
    ..\Driver\tool.c                         0x00000000   Number         0  tool.o ABSOLUTE
    ..\Driver\uartdeal.c                     0x00000000   Number         0  uartdeal.o ABSOLUTE
    ..\Ethernet\Internet\dhcp.c              0x00000000   Number         0  dhcp.o ABSOLUTE
    ..\Ethernet\Internet\tcp_demo.c          0x00000000   Number         0  tcp_demo.o ABSOLUTE
    ..\Ethernet\W5500\socket.c               0x00000000   Number         0  socket.o ABSOLUTE
    ..\Ethernet\W5500\utility.c              0x00000000   Number         0  utility.o ABSOLUTE
    ..\Ethernet\W5500\w5500.c                0x00000000   Number         0  w5500.o ABSOLUTE
    ..\Ethernet\W5500\w5500_conf.c           0x00000000   Number         0  w5500_conf.o ABSOLUTE
    ..\Stm32FWL\CM3\core_cm3.c               0x00000000   Number         0  core_cm3.o ABSOLUTE
    ..\Stm32FWL\src\misc.c                   0x00000000   Number         0  misc.o ABSOLUTE
    ..\Stm32FWL\src\stm32f10x_can.c          0x00000000   Number         0  stm32f10x_can.o ABSOLUTE
    ..\Stm32FWL\src\stm32f10x_dbgmcu.c       0x00000000   Number         0  stm32f10x_dbgmcu.o ABSOLUTE
    ..\Stm32FWL\src\stm32f10x_dma.c          0x00000000   Number         0  stm32f10x_dma.o ABSOLUTE
    ..\Stm32FWL\src\stm32f10x_exti.c         0x00000000   Number         0  stm32f10x_exti.o ABSOLUTE
    ..\Stm32FWL\src\stm32f10x_flash.c        0x00000000   Number         0  stm32f10x_flash.o ABSOLUTE
    ..\Stm32FWL\src\stm32f10x_gpio.c         0x00000000   Number         0  stm32f10x_gpio.o ABSOLUTE
    ..\Stm32FWL\src\stm32f10x_iwdg.c         0x00000000   Number         0  stm32f10x_iwdg.o ABSOLUTE
    ..\Stm32FWL\src\stm32f10x_rcc.c          0x00000000   Number         0  stm32f10x_rcc.o ABSOLUTE
    ..\Stm32FWL\src\stm32f10x_spi.c          0x00000000   Number         0  stm32f10x_spi.o ABSOLUTE
    ..\Stm32FWL\src\stm32f10x_tim.c          0x00000000   Number         0  stm32f10x_tim.o ABSOLUTE
    ..\Stm32FWL\src\stm32f10x_usart.c        0x00000000   Number         0  stm32f10x_usart.o ABSOLUTE
    ..\\Stm32FWL\\CM3\\core_cm3.c            0x00000000   Number         0  core_cm3.o ABSOLUTE
    ..\startup\startup_stm32f10x_md.s        0x00000000   Number         0  startup_stm32f10x_md.o ABSOLUTE
    ..\startup\syscfg\system_stm32f10x.c     0x00000000   Number         0  system_stm32f10x.o ABSOLUTE
    cdrcmple.s                               0x00000000   Number         0  cdrcmple.o ABSOLUTE
    dc.s                                     0x00000000   Number         0  dc.o ABSOLUTE
    handlers.s                               0x00000000   Number         0  handlers.o ABSOLUTE
    init.s                                   0x00000000   Number         0  init.o ABSOLUTE
    RESET                                    0x08000000   Section      236  startup_stm32f10x_md.o(RESET)
    .ARM.Collect$$$$00000000                 0x080000ec   Section        0  entry.o(.ARM.Collect$$$$00000000)
    .ARM.Collect$$$$00000001                 0x080000ec   Section        4  entry2.o(.ARM.Collect$$$$00000001)
    .ARM.Collect$$$$00000004                 0x080000f0   Section        4  entry5.o(.ARM.Collect$$$$00000004)
    .ARM.Collect$$$$00000008                 0x080000f4   Section        0  entry7b.o(.ARM.Collect$$$$00000008)
    .ARM.Collect$$$$0000000A                 0x080000f4   Section        0  entry8b.o(.ARM.Collect$$$$0000000A)
    .ARM.Collect$$$$0000000B                 0x080000f4   Section        8  entry9a.o(.ARM.Collect$$$$0000000B)
    .ARM.Collect$$$$0000000D                 0x080000fc   Section        0  entry10a.o(.ARM.Collect$$$$0000000D)
    .ARM.Collect$$$$0000000F                 0x080000fc   Section        0  entry11a.o(.ARM.Collect$$$$0000000F)
    .ARM.Collect$$$$00002712                 0x080000fc   Section        4  entry2.o(.ARM.Collect$$$$00002712)
    __lit__00000000                          0x080000fc   Data           4  entry2.o(.ARM.Collect$$$$00002712)
    .text                                    0x08000100   Section       36  startup_stm32f10x_md.o(.text)
    .text                                    0x08000124   Section        0  misc.o(.text)
    .text                                    0x08000200   Section        0  system_stm32f10x.o(.text)
    SetSysClockTo72                          0x08000201   Thumb Code   214  system_stm32f10x.o(.text)
    SetSysClock                              0x080002d7   Thumb Code     8  system_stm32f10x.o(.text)
    .text                                    0x080003e0   Section        0  stm32f10x_exti.o(.text)
    .text                                    0x080004fc   Section        0  stm32f10x_flash.o(.text)
    .text                                    0x08000ab8   Section        0  stm32f10x_gpio.o(.text)
    .text                                    0x08000e14   Section        0  stm32f10x_rcc.o(.text)
    .text                                    0x080011b8   Section        0  stm32f10x_usart.o(.text)
    .text                                    0x080015c0   Section        0  stm32f10x_dma.o(.text)
    .text                                    0x08001814   Section        0  stm32f10x_tim.o(.text)
    TI4_Config                               0x08001cbb   Thumb Code   130  stm32f10x_tim.o(.text)
    TI3_Config                               0x08001d4f   Thumb Code   122  stm32f10x_tim.o(.text)
    TI2_Config                               0x08001de3   Thumb Code   130  stm32f10x_tim.o(.text)
    TI1_Config                               0x08001e77   Thumb Code   108  stm32f10x_tim.o(.text)
    .text                                    0x08002630   Section        0  stm32f10x_iwdg.o(.text)
    .text                                    0x08002670   Section        0  stm32f10x_dbgmcu.o(.text)
    .text                                    0x080026a0   Section        0  stm32f10x_spi.o(.text)
    .text                                    0x080029ac   Section        0  crc16.o(.text)
    .text                                    0x080029e4   Section        0  tool.o(.text)
    .text                                    0x08002b64   Section        0  bsp_init.o(.text)
    .text                                    0x08002ff8   Section        0  uartdeal.o(.text)
    .text                                    0x080031b0   Section        0  systick.o(.text)
    .text                                    0x080032ac   Section        0  setuptimer.o(.text)
    .text                                    0x08003480   Section        0  eeprom.o(.text)
    .text                                    0x08003538   Section        0  main.o(.text)
    .text                                    0x08003568   Section        0  stm32f10x_it.o(.text)
    .text                                    0x080037ac   Section        0  apprunctr.o(.text)
    .text                                    0x08003de4   Section        0  lte4g.o(.text)
    .text                                    0x08004b2c   Section        0  socket.o(.text)
    .text                                    0x08005184   Section        0  w5500.o(.text)
    .text                                    0x08005558   Section        0  w5500_conf.o(.text)
    .text                                    0x080058fc   Section        0  tcp_demo.o(.text)
    .text                                    0x08005bec   Section        0  memcpya.o(.text)
    .text                                    0x08005c10   Section        0  memseta.o(.text)
    .text                                    0x08005c34   Section        0  strstr.o(.text)
    .text                                    0x08005c58   Section        0  strlen.o(.text)
    .text                                    0x08005c66   Section        0  strcmp.o(.text)
    .text                                    0x08005c82   Section        0  atoi.o(.text)
    .text                                    0x08005c9c   Section        0  fmul.o(.text)
    .text                                    0x08005d00   Section        0  fdiv.o(.text)
    .text                                    0x08005d7c   Section        0  ffltui.o(.text)
    .text                                    0x08005d86   Section        0  ffixui.o(.text)
    .text                                    0x08005dae   Section        0  uldiv.o(.text)
    .text                                    0x08005e10   Section        0  strtol.o(.text)
    .text                                    0x08005e80   Section        0  fepilogue.o(.text)
    .text                                    0x08005e80   Section        0  iusefp.o(.text)
    .text                                    0x08005ef0   Section       36  init.o(.text)
    .text                                    0x08005f14   Section        0  llshl.o(.text)
    .text                                    0x08005f32   Section        0  llushr.o(.text)
    .text                                    0x08005f54   Section        0  ctype_o.o(.text)
    .text                                    0x08005f5c   Section        0  _strtoul.o(.text)
    .text                                    0x08005ffa   Section        0  _chval.o(.text)
    i.__0printf$8                            0x08006018   Section        0  printf8.o(i.__0printf$8)
    i.__0sprintf$8                           0x08006038   Section        0  printf8.o(i.__0sprintf$8)
    i.__aeabi_errno_addr                     0x08006060   Section        0  errno.o(i.__aeabi_errno_addr)
    i.__scatterload_copy                     0x08006068   Section       14  handlers.o(i.__scatterload_copy)
    i.__scatterload_null                     0x08006076   Section        2  handlers.o(i.__scatterload_null)
    i.__scatterload_zeroinit                 0x08006078   Section       14  handlers.o(i.__scatterload_zeroinit)
    i._printf_core                           0x08006088   Section        0  printf8.o(i._printf_core)
    _printf_core                             0x08006089   Thumb Code   996  printf8.o(i._printf_core)
    i._printf_post_padding                   0x08006498   Section        0  printf8.o(i._printf_post_padding)
    _printf_post_padding                     0x08006499   Thumb Code    36  printf8.o(i._printf_post_padding)
    i._printf_pre_padding                    0x080064bc   Section        0  printf8.o(i._printf_pre_padding)
    _printf_pre_padding                      0x080064bd   Thumb Code    46  printf8.o(i._printf_pre_padding)
    i._sputc                                 0x080064ea   Section        0  printf8.o(i._sputc)
    _sputc                                   0x080064eb   Thumb Code    10  printf8.o(i._sputc)
    .constdata                               0x080064f4   Section      512  crc16.o(.constdata)
    .constdata                               0x080066f4   Section      129  ctype_o.o(.constdata)
    .constdata                               0x08006778   Section        4  ctype_o.o(.constdata)
    table                                    0x08006778   Data           4  ctype_o.o(.constdata)
    .conststring                             0x0800677c   Section       42  lte4g.o(.conststring)
    .data                                    0x20000000   Section       20  system_stm32f10x.o(.data)
    .data                                    0x20000014   Section       20  stm32f10x_rcc.o(.data)
    APBAHBPrescTable                         0x20000014   Data          16  stm32f10x_rcc.o(.data)
    ADCPrescTable                            0x20000024   Data           4  stm32f10x_rcc.o(.data)
    .data                                    0x20000028   Section        4  systick.o(.data)
    .data                                    0x2000002c   Section       16  globeram.o(.data)
    .data                                    0x2000003c   Section        5  stm32f10x_it.o(.data)
    .data                                    0x20000044   Section       28  apprunctr.o(.data)
    PlcQueryBase                             0x20000058   Data           4  apprunctr.o(.data)
    HeartBase                                0x2000005c   Data           4  apprunctr.o(.data)
    .data                                    0x20000060   Section       49  lte4g.o(.data)
    timebase                                 0x20000074   Data           4  lte4g.o(.data)
    timebase                                 0x20000078   Data           4  lte4g.o(.data)
    errcount                                 0x2000007c   Data           1  lte4g.o(.data)
    timebase                                 0x20000080   Data           4  lte4g.o(.data)
    errcount                                 0x20000084   Data           1  lte4g.o(.data)
    errcount                                 0x20000085   Data           1  lte4g.o(.data)
    timebase                                 0x20000088   Data           4  lte4g.o(.data)
    timebase                                 0x2000008c   Data           4  lte4g.o(.data)
    errcount                                 0x20000090   Data           1  lte4g.o(.data)
    .data                                    0x20000091   Section       16  w5500.o(.data)
    .data                                    0x200000a4   Section       41  w5500_conf.o(.data)
    .data                                    0x200000d0   Section       16  tcp_demo.o(.data)
    errcount                                 0x200000d7   Data           1  tcp_demo.o(.data)
    time_interval                            0x200000d8   Data           2  tcp_demo.o(.data)
    timebase                                 0x200000dc   Data           4  tcp_demo.o(.data)
    .data                                    0x200000e0   Section        4  stdout.o(.data)
    .data                                    0x200000e4   Section        4  errno.o(.data)
    _errno                                   0x200000e4   Data           4  errno.o(.data)
    .bss                                     0x200000e8   Section     2006  apprunctr.o(.bss)
    .bss                                     0x200008be   Section     2932  lte4g.o(.bss)
    .bss                                     0x20001432   Section       32  w5500.o(.bss)
    .bss                                     0x20001452   Section       46  w5500_conf.o(.bss)
    .bss                                     0x20001480   Section     1046  dhcp.o(.bss)
    .bss                                     0x20001896   Section     4096  tcp_demo.o(.bss)
    STACK                                    0x20002898   Section     1024  startup_stm32f10x_md.o(STACK)

    Global Symbols

    Symbol Name                              Value     Ov Type        Size  Object(Section)

    BuildAttributes$$THM_ISAv4$P$D$K$B$S$PE$A:L22UL41UL21$X:L11$S22US41US21$IEEE1$IW$USESV6$~STKCKD$USESV7$~SHL$OTIME$ROPI$EBA8$MICROLIB$REQ8$PRES8$EABIv2 0x00000000   Number         0  anon$$obj.o ABSOLUTE
    __ARM_use_no_argv                        0x00000000   Number         0  main.o ABSOLUTE
    _printf_a                                0x00000000   Number         0  stubs.o ABSOLUTE
    _printf_c                                0x00000000   Number         0  stubs.o ABSOLUTE
    _printf_charcount                        0x00000000   Number         0  stubs.o ABSOLUTE
    _printf_d                                0x00000000   Number         0  stubs.o ABSOLUTE
    _printf_e                                0x00000000   Number         0  stubs.o ABSOLUTE
    _printf_f                                0x00000000   Number         0  stubs.o ABSOLUTE
    _printf_flags                            0x00000000   Number         0  stubs.o ABSOLUTE
    _printf_fp_dec                           0x00000000   Number         0  stubs.o ABSOLUTE
    _printf_fp_hex                           0x00000000   Number         0  stubs.o ABSOLUTE
    _printf_g                                0x00000000   Number         0  stubs.o ABSOLUTE
    _printf_i                                0x00000000   Number         0  stubs.o ABSOLUTE
    _printf_int_dec                          0x00000000   Number         0  stubs.o ABSOLUTE
    _printf_l                                0x00000000   Number         0  stubs.o ABSOLUTE
    _printf_lc                               0x00000000   Number         0  stubs.o ABSOLUTE
    _printf_ll                               0x00000000   Number         0  stubs.o ABSOLUTE
    _printf_lld                              0x00000000   Number         0  stubs.o ABSOLUTE
    _printf_lli                              0x00000000   Number         0  stubs.o ABSOLUTE
    _printf_llo                              0x00000000   Number         0  stubs.o ABSOLUTE
    _printf_llu                              0x00000000   Number         0  stubs.o ABSOLUTE
    _printf_llx                              0x00000000   Number         0  stubs.o ABSOLUTE
    _printf_longlong_dec                     0x00000000   Number         0  stubs.o ABSOLUTE
    _printf_longlong_hex                     0x00000000   Number         0  stubs.o ABSOLUTE
    _printf_longlong_oct                     0x00000000   Number         0  stubs.o ABSOLUTE
    _printf_ls                               0x00000000   Number         0  stubs.o ABSOLUTE
    _printf_mbtowc                           0x00000000   Number         0  stubs.o ABSOLUTE
    _printf_n                                0x00000000   Number         0  stubs.o ABSOLUTE
    _printf_o                                0x00000000   Number         0  stubs.o ABSOLUTE
    _printf_p                                0x00000000   Number         0  stubs.o ABSOLUTE
    _printf_percent                          0x00000000   Number         0  stubs.o ABSOLUTE
    _printf_pre_padding                      0x00000000   Number         0  stubs.o ABSOLUTE
    _printf_return_value                     0x00000000   Number         0  stubs.o ABSOLUTE
    _printf_s                                0x00000000   Number         0  stubs.o ABSOLUTE
    _printf_sizespec                         0x00000000   Number         0  stubs.o ABSOLUTE
    _printf_str                              0x00000000   Number         0  stubs.o ABSOLUTE
    _printf_truncate_signed                  0x00000000   Number         0  stubs.o ABSOLUTE
    _printf_truncate_unsigned                0x00000000   Number         0  stubs.o ABSOLUTE
    _printf_u                                0x00000000   Number         0  stubs.o ABSOLUTE
    _printf_wc                               0x00000000   Number         0  stubs.o ABSOLUTE
    _printf_wctomb                           0x00000000   Number         0  stubs.o ABSOLUTE
    _printf_widthprec                        0x00000000   Number         0  stubs.o ABSOLUTE
    _printf_x                                0x00000000   Number         0  stubs.o ABSOLUTE
    __cpp_initialize__aeabi_                  - Undefined Weak Reference
    __cxa_finalize                            - Undefined Weak Reference
    __decompress                              - Undefined Weak Reference
    _clock_init                               - Undefined Weak Reference
    _microlib_exit                            - Undefined Weak Reference
    __Vectors_Size                           0x000000ec   Number         0  startup_stm32f10x_md.o ABSOLUTE
    __Vectors                                0x08000000   Data           4  startup_stm32f10x_md.o(RESET)
    __Vectors_End                            0x080000ec   Data           0  startup_stm32f10x_md.o(RESET)
    __main                                   0x080000ed   Thumb Code     0  entry.o(.ARM.Collect$$$$00000000)
    _main_stk                                0x080000ed   Thumb Code     0  entry2.o(.ARM.Collect$$$$00000001)
    _main_scatterload                        0x080000f1   Thumb Code     0  entry5.o(.ARM.Collect$$$$00000004)
    __main_after_scatterload                 0x080000f5   Thumb Code     0  entry5.o(.ARM.Collect$$$$00000004)
    _main_clock                              0x080000f5   Thumb Code     0  entry7b.o(.ARM.Collect$$$$00000008)
    _main_cpp_init                           0x080000f5   Thumb Code     0  entry8b.o(.ARM.Collect$$$$0000000A)
    _main_init                               0x080000f5   Thumb Code     0  entry9a.o(.ARM.Collect$$$$0000000B)
    __rt_final_cpp                           0x080000fd   Thumb Code     0  entry10a.o(.ARM.Collect$$$$0000000D)
    __rt_final_exit                          0x080000fd   Thumb Code     0  entry11a.o(.ARM.Collect$$$$0000000F)
    Reset_Handler                            0x08000101   Thumb Code     8  startup_stm32f10x_md.o(.text)
    NMI_Handler                              0x08000109   Thumb Code     2  startup_stm32f10x_md.o(.text)
    HardFault_Handler                        0x0800010b   Thumb Code     2  startup_stm32f10x_md.o(.text)
    MemManage_Handler                        0x0800010d   Thumb Code     2  startup_stm32f10x_md.o(.text)
    BusFault_Handler                         0x0800010f   Thumb Code     2  startup_stm32f10x_md.o(.text)
    UsageFault_Handler                       0x08000111   Thumb Code     2  startup_stm32f10x_md.o(.text)
    SVC_Handler                              0x08000113   Thumb Code     2  startup_stm32f10x_md.o(.text)
    DebugMon_Handler                         0x08000115   Thumb Code     2  startup_stm32f10x_md.o(.text)
    PendSV_Handler                           0x08000117   Thumb Code     2  startup_stm32f10x_md.o(.text)
    ADC1_2_IRQHandler                        0x0800011b   Thumb Code     0  startup_stm32f10x_md.o(.text)
    CAN1_RX1_IRQHandler                      0x0800011b   Thumb Code     0  startup_stm32f10x_md.o(.text)
    CAN1_SCE_IRQHandler                      0x0800011b   Thumb Code     0  startup_stm32f10x_md.o(.text)
    DMA1_Channel1_IRQHandler                 0x0800011b   Thumb Code     0  startup_stm32f10x_md.o(.text)
    DMA1_Channel3_IRQHandler                 0x0800011b   Thumb Code     0  startup_stm32f10x_md.o(.text)
    DMA1_Channel4_IRQHandler                 0x0800011b   Thumb Code     0  startup_stm32f10x_md.o(.text)
    DMA1_Channel5_IRQHandler                 0x0800011b   Thumb Code     0  startup_stm32f10x_md.o(.text)
    DMA1_Channel6_IRQHandler                 0x0800011b   Thumb Code     0  startup_stm32f10x_md.o(.text)
    EXTI0_IRQHandler                         0x0800011b   Thumb Code     0  startup_stm32f10x_md.o(.text)
    EXTI15_10_IRQHandler                     0x0800011b   Thumb Code     0  startup_stm32f10x_md.o(.text)
    EXTI1_IRQHandler                         0x0800011b   Thumb Code     0  startup_stm32f10x_md.o(.text)
    EXTI2_IRQHandler                         0x0800011b   Thumb Code     0  startup_stm32f10x_md.o(.text)
    EXTI3_IRQHandler                         0x0800011b   Thumb Code     0  startup_stm32f10x_md.o(.text)
    FLASH_IRQHandler                         0x0800011b   Thumb Code     0  startup_stm32f10x_md.o(.text)
    I2C1_ER_IRQHandler                       0x0800011b   Thumb Code     0  startup_stm32f10x_md.o(.text)
    I2C1_EV_IRQHandler                       0x0800011b   Thumb Code     0  startup_stm32f10x_md.o(.text)
    I2C2_ER_IRQHandler                       0x0800011b   Thumb Code     0  startup_stm32f10x_md.o(.text)
    I2C2_EV_IRQHandler                       0x0800011b   Thumb Code     0  startup_stm32f10x_md.o(.text)
    PVD_IRQHandler                           0x0800011b   Thumb Code     0  startup_stm32f10x_md.o(.text)
    RCC_IRQHandler                           0x0800011b   Thumb Code     0  startup_stm32f10x_md.o(.text)
    RTCAlarm_IRQHandler                      0x0800011b   Thumb Code     0  startup_stm32f10x_md.o(.text)
    RTC_IRQHandler                           0x0800011b   Thumb Code     0  startup_stm32f10x_md.o(.text)
    SPI1_IRQHandler                          0x0800011b   Thumb Code     0  startup_stm32f10x_md.o(.text)
    SPI2_IRQHandler                          0x0800011b   Thumb Code     0  startup_stm32f10x_md.o(.text)
    TAMPER_IRQHandler                        0x0800011b   Thumb Code     0  startup_stm32f10x_md.o(.text)
    TIM1_BRK_IRQHandler                      0x0800011b   Thumb Code     0  startup_stm32f10x_md.o(.text)
    TIM1_CC_IRQHandler                       0x0800011b   Thumb Code     0  startup_stm32f10x_md.o(.text)
    TIM1_TRG_COM_IRQHandler                  0x0800011b   Thumb Code     0  startup_stm32f10x_md.o(.text)
    TIM1_UP_IRQHandler                       0x0800011b   Thumb Code     0  startup_stm32f10x_md.o(.text)
    TIM3_IRQHandler                          0x0800011b   Thumb Code     0  startup_stm32f10x_md.o(.text)
    TIM4_IRQHandler                          0x0800011b   Thumb Code     0  startup_stm32f10x_md.o(.text)
    USBWakeUp_IRQHandler                     0x0800011b   Thumb Code     0  startup_stm32f10x_md.o(.text)
    USB_HP_CAN1_TX_IRQHandler                0x0800011b   Thumb Code     0  startup_stm32f10x_md.o(.text)
    USB_LP_CAN1_RX0_IRQHandler               0x0800011b   Thumb Code     0  startup_stm32f10x_md.o(.text)
    WWDG_IRQHandler                          0x0800011b   Thumb Code     0  startup_stm32f10x_md.o(.text)
    NVIC_PriorityGroupConfig                 0x08000125   Thumb Code    10  misc.o(.text)
    NVIC_Init                                0x0800012f   Thumb Code   100  misc.o(.text)
    NVIC_SetVectorTable                      0x08000193   Thumb Code    14  misc.o(.text)
    NVIC_SystemLPConfig                      0x080001a1   Thumb Code    34  misc.o(.text)
    SysTick_CLKSourceConfig                  0x080001c3   Thumb Code    40  misc.o(.text)
    SystemInit                               0x080002df   Thumb Code    78  system_stm32f10x.o(.text)
    SystemCoreClockUpdate                    0x0800032d   Thumb Code   142  system_stm32f10x.o(.text)
    EXTI_DeInit                              0x080003e1   Thumb Code    28  stm32f10x_exti.o(.text)
    EXTI_Init                                0x080003fd   Thumb Code   142  stm32f10x_exti.o(.text)
    EXTI_StructInit                          0x0800048b   Thumb Code    16  stm32f10x_exti.o(.text)
    EXTI_GenerateSWInterrupt                 0x0800049b   Thumb Code    16  stm32f10x_exti.o(.text)
    EXTI_GetFlagStatus                       0x080004ab   Thumb Code    22  stm32f10x_exti.o(.text)
    EXTI_ClearFlag                           0x080004c1   Thumb Code     8  stm32f10x_exti.o(.text)
    EXTI_GetITStatus                         0x080004c9   Thumb Code    34  stm32f10x_exti.o(.text)
    EXTI_ClearITPendingBit                   0x080004eb   Thumb Code     8  stm32f10x_exti.o(.text)
    FLASH_SetLatency                         0x080004fd   Thumb Code    18  stm32f10x_flash.o(.text)
    FLASH_HalfCycleAccessCmd                 0x0800050f   Thumb Code    22  stm32f10x_flash.o(.text)
    FLASH_PrefetchBufferCmd                  0x08000525   Thumb Code    22  stm32f10x_flash.o(.text)
    FLASH_Unlock                             0x0800053b   Thumb Code    12  stm32f10x_flash.o(.text)
    FLASH_UnlockBank1                        0x08000547   Thumb Code    12  stm32f10x_flash.o(.text)
    FLASH_Lock                               0x08000553   Thumb Code    14  stm32f10x_flash.o(.text)
    FLASH_LockBank1                          0x08000561   Thumb Code    14  stm32f10x_flash.o(.text)
    FLASH_GetBank1Status                     0x0800056f   Thumb Code    48  stm32f10x_flash.o(.text)
    FLASH_WaitForLastOperation               0x0800059f   Thumb Code    38  stm32f10x_flash.o(.text)
    FLASH_ErasePage                          0x080005c5   Thumb Code    72  stm32f10x_flash.o(.text)
    FLASH_EraseAllPages                      0x0800060d   Thumb Code    68  stm32f10x_flash.o(.text)
    FLASH_WaitForLastBank1Operation          0x08000651   Thumb Code    38  stm32f10x_flash.o(.text)
    FLASH_EraseAllBank1Pages                 0x08000677   Thumb Code    68  stm32f10x_flash.o(.text)
    FLASH_GetReadOutProtectionStatus         0x080006bb   Thumb Code    20  stm32f10x_flash.o(.text)
    FLASH_EraseOptionBytes                   0x080006cf   Thumb Code   150  stm32f10x_flash.o(.text)
    FLASH_ProgramWord                        0x08000765   Thumb Code   102  stm32f10x_flash.o(.text)
    FLASH_ProgramHalfWord                    0x080007cb   Thumb Code    60  stm32f10x_flash.o(.text)
    FLASH_ProgramOptionByteData              0x08000807   Thumb Code    72  stm32f10x_flash.o(.text)
    FLASH_EnableWriteProtection              0x0800084f   Thumb Code   200  stm32f10x_flash.o(.text)
    FLASH_ReadOutProtection                  0x08000917   Thumb Code   156  stm32f10x_flash.o(.text)
    FLASH_UserOptionByteConfig               0x080009b3   Thumb Code    88  stm32f10x_flash.o(.text)
    FLASH_GetUserOptionByte                  0x08000a0b   Thumb Code     8  stm32f10x_flash.o(.text)
    FLASH_GetWriteProtectionOptionByte       0x08000a13   Thumb Code     6  stm32f10x_flash.o(.text)
    FLASH_GetPrefetchBufferStatus            0x08000a19   Thumb Code    20  stm32f10x_flash.o(.text)
    FLASH_ITConfig                           0x08000a2d   Thumb Code    26  stm32f10x_flash.o(.text)
    FLASH_GetFlagStatus                      0x08000a47   Thumb Code    42  stm32f10x_flash.o(.text)
    FLASH_ClearFlag                          0x08000a71   Thumb Code     6  stm32f10x_flash.o(.text)
    FLASH_GetStatus                          0x08000a77   Thumb Code    48  stm32f10x_flash.o(.text)
    GPIO_DeInit                              0x08000ab9   Thumb Code   172  stm32f10x_gpio.o(.text)
    GPIO_AFIODeInit                          0x08000b65   Thumb Code    20  stm32f10x_gpio.o(.text)
    GPIO_Init                                0x08000b79   Thumb Code   278  stm32f10x_gpio.o(.text)
    GPIO_StructInit                          0x08000c8f   Thumb Code    16  stm32f10x_gpio.o(.text)
    GPIO_ReadInputDataBit                    0x08000c9f   Thumb Code    18  stm32f10x_gpio.o(.text)
    GPIO_ReadInputData                       0x08000cb1   Thumb Code     8  stm32f10x_gpio.o(.text)
    GPIO_ReadOutputDataBit                   0x08000cb9   Thumb Code    18  stm32f10x_gpio.o(.text)
    GPIO_ReadOutputData                      0x08000ccb   Thumb Code     8  stm32f10x_gpio.o(.text)
    GPIO_SetBits                             0x08000cd3   Thumb Code     4  stm32f10x_gpio.o(.text)
    GPIO_ResetBits                           0x08000cd7   Thumb Code     4  stm32f10x_gpio.o(.text)
    GPIO_WriteBit                            0x08000cdb   Thumb Code    10  stm32f10x_gpio.o(.text)
    GPIO_Write                               0x08000ce5   Thumb Code     4  stm32f10x_gpio.o(.text)
    GPIO_PinLockConfig                       0x08000ce9   Thumb Code    18  stm32f10x_gpio.o(.text)
    GPIO_EventOutputConfig                   0x08000cfb   Thumb Code    26  stm32f10x_gpio.o(.text)
    GPIO_EventOutputCmd                      0x08000d15   Thumb Code     6  stm32f10x_gpio.o(.text)
    GPIO_PinRemapConfig                      0x08000d1b   Thumb Code   138  stm32f10x_gpio.o(.text)
    GPIO_EXTILineConfig                      0x08000da5   Thumb Code    66  stm32f10x_gpio.o(.text)
    GPIO_ETH_MediaInterfaceConfig            0x08000de7   Thumb Code     8  stm32f10x_gpio.o(.text)
    RCC_DeInit                               0x08000e15   Thumb Code    64  stm32f10x_rcc.o(.text)
    RCC_HSEConfig                            0x08000e55   Thumb Code    70  stm32f10x_rcc.o(.text)
    RCC_GetFlagStatus                        0x08000e9b   Thumb Code    56  stm32f10x_rcc.o(.text)
    RCC_WaitForHSEStartUp                    0x08000ed3   Thumb Code    56  stm32f10x_rcc.o(.text)
    RCC_AdjustHSICalibrationValue            0x08000f0b   Thumb Code    20  stm32f10x_rcc.o(.text)
    RCC_HSICmd                               0x08000f1f   Thumb Code     6  stm32f10x_rcc.o(.text)
    RCC_PLLConfig                            0x08000f25   Thumb Code    24  stm32f10x_rcc.o(.text)
    RCC_PLLCmd                               0x08000f3d   Thumb Code     6  stm32f10x_rcc.o(.text)
    RCC_SYSCLKConfig                         0x08000f43   Thumb Code    18  stm32f10x_rcc.o(.text)
    RCC_GetSYSCLKSource                      0x08000f55   Thumb Code    10  stm32f10x_rcc.o(.text)
    RCC_HCLKConfig                           0x08000f5f   Thumb Code    18  stm32f10x_rcc.o(.text)
    RCC_PCLK1Config                          0x08000f71   Thumb Code    18  stm32f10x_rcc.o(.text)
    RCC_PCLK2Config                          0x08000f83   Thumb Code    20  stm32f10x_rcc.o(.text)
    RCC_ITConfig                             0x08000f97   Thumb Code    26  stm32f10x_rcc.o(.text)
    RCC_USBCLKConfig                         0x08000fb1   Thumb Code     8  stm32f10x_rcc.o(.text)
    RCC_ADCCLKConfig                         0x08000fb9   Thumb Code    18  stm32f10x_rcc.o(.text)
    RCC_LSEConfig                            0x08000fcb   Thumb Code    50  stm32f10x_rcc.o(.text)
    RCC_LSICmd                               0x08000ffd   Thumb Code     6  stm32f10x_rcc.o(.text)
    RCC_RTCCLKConfig                         0x08001003   Thumb Code    12  stm32f10x_rcc.o(.text)
    RCC_RTCCLKCmd                            0x0800100f   Thumb Code     8  stm32f10x_rcc.o(.text)
    RCC_GetClocksFreq                        0x08001017   Thumb Code   192  stm32f10x_rcc.o(.text)
    RCC_AHBPeriphClockCmd                    0x080010d7   Thumb Code    26  stm32f10x_rcc.o(.text)
    RCC_APB2PeriphClockCmd                   0x080010f1   Thumb Code    26  stm32f10x_rcc.o(.text)
    RCC_APB1PeriphClockCmd                   0x0800110b   Thumb Code    26  stm32f10x_rcc.o(.text)
    RCC_APB2PeriphResetCmd                   0x08001125   Thumb Code    26  stm32f10x_rcc.o(.text)
    RCC_APB1PeriphResetCmd                   0x0800113f   Thumb Code    26  stm32f10x_rcc.o(.text)
    RCC_BackupResetCmd                       0x08001159   Thumb Code     8  stm32f10x_rcc.o(.text)
    RCC_ClockSecuritySystemCmd               0x08001161   Thumb Code     6  stm32f10x_rcc.o(.text)
    RCC_MCOConfig                            0x08001167   Thumb Code     6  stm32f10x_rcc.o(.text)
    RCC_ClearFlag                            0x0800116d   Thumb Code    14  stm32f10x_rcc.o(.text)
    RCC_GetITStatus                          0x0800117b   Thumb Code    20  stm32f10x_rcc.o(.text)
    RCC_ClearITPendingBit                    0x0800118f   Thumb Code     6  stm32f10x_rcc.o(.text)
    USART_DeInit                             0x080011b9   Thumb Code   134  stm32f10x_usart.o(.text)
    USART_Init                               0x0800123f   Thumb Code   210  stm32f10x_usart.o(.text)
    USART_StructInit                         0x08001311   Thumb Code    24  stm32f10x_usart.o(.text)
    USART_ClockInit                          0x08001329   Thumb Code    34  stm32f10x_usart.o(.text)
    USART_ClockStructInit                    0x0800134b   Thumb Code    12  stm32f10x_usart.o(.text)
    USART_Cmd                                0x08001357   Thumb Code    24  stm32f10x_usart.o(.text)
    USART_ITConfig                           0x0800136f   Thumb Code    74  stm32f10x_usart.o(.text)
    USART_DMACmd                             0x080013b9   Thumb Code    18  stm32f10x_usart.o(.text)
    USART_SetAddress                         0x080013cb   Thumb Code    18  stm32f10x_usart.o(.text)
    USART_WakeUpConfig                       0x080013dd   Thumb Code    18  stm32f10x_usart.o(.text)
    USART_ReceiverWakeUpCmd                  0x080013ef   Thumb Code    24  stm32f10x_usart.o(.text)
    USART_LINBreakDetectLengthConfig         0x08001407   Thumb Code    18  stm32f10x_usart.o(.text)
    USART_LINCmd                             0x08001419   Thumb Code    24  stm32f10x_usart.o(.text)
    USART_SendData                           0x08001431   Thumb Code     8  stm32f10x_usart.o(.text)
    USART_ReceiveData                        0x08001439   Thumb Code    10  stm32f10x_usart.o(.text)
    USART_SendBreak                          0x08001443   Thumb Code    10  stm32f10x_usart.o(.text)
    USART_SetGuardTime                       0x0800144d   Thumb Code    16  stm32f10x_usart.o(.text)
    USART_SetPrescaler                       0x0800145d   Thumb Code    16  stm32f10x_usart.o(.text)
    USART_SmartCardCmd                       0x0800146d   Thumb Code    24  stm32f10x_usart.o(.text)
    USART_SmartCardNACKCmd                   0x08001485   Thumb Code    24  stm32f10x_usart.o(.text)
    USART_HalfDuplexCmd                      0x0800149d   Thumb Code    24  stm32f10x_usart.o(.text)
    USART_OverSampling8Cmd                   0x080014b5   Thumb Code    22  stm32f10x_usart.o(.text)
    USART_OneBitMethodCmd                    0x080014cb   Thumb Code    24  stm32f10x_usart.o(.text)
    USART_IrDAConfig                         0x080014e3   Thumb Code    18  stm32f10x_usart.o(.text)
    USART_IrDACmd                            0x080014f5   Thumb Code    24  stm32f10x_usart.o(.text)
    USART_GetFlagStatus                      0x0800150d   Thumb Code    26  stm32f10x_usart.o(.text)
    USART_ClearFlag                          0x08001527   Thumb Code    18  stm32f10x_usart.o(.text)
    USART_GetITStatus                        0x08001539   Thumb Code    84  stm32f10x_usart.o(.text)
    USART_ClearITPendingBit                  0x0800158d   Thumb Code    52  stm32f10x_usart.o(.text)
    DMA_DeInit                               0x080015c1   Thumb Code   324  stm32f10x_dma.o(.text)
    DMA_Init                                 0x08001705   Thumb Code    60  stm32f10x_dma.o(.text)
    DMA_StructInit                           0x08001741   Thumb Code    26  stm32f10x_dma.o(.text)
    DMA_Cmd                                  0x0800175b   Thumb Code    24  stm32f10x_dma.o(.text)
    DMA_ITConfig                             0x08001773   Thumb Code    18  stm32f10x_dma.o(.text)
    DMA_SetCurrDataCounter                   0x08001785   Thumb Code     4  stm32f10x_dma.o(.text)
    DMA_GetCurrDataCounter                   0x08001789   Thumb Code     8  stm32f10x_dma.o(.text)
    DMA_GetFlagStatus                        0x08001791   Thumb Code    40  stm32f10x_dma.o(.text)
    DMA_ClearFlag                            0x080017b9   Thumb Code    22  stm32f10x_dma.o(.text)
    DMA_GetITStatus                          0x080017cf   Thumb Code    40  stm32f10x_dma.o(.text)
    DMA_ClearITPendingBit                    0x080017f7   Thumb Code    22  stm32f10x_dma.o(.text)
    TIM_DeInit                               0x08001815   Thumb Code   424  stm32f10x_tim.o(.text)
    TIM_TimeBaseInit                         0x080019bd   Thumb Code   122  stm32f10x_tim.o(.text)
    TIM_OC1Init                              0x08001a37   Thumb Code   132  stm32f10x_tim.o(.text)
    TIM_OC2Init                              0x08001abb   Thumb Code   154  stm32f10x_tim.o(.text)
    TIM_OC3Init                              0x08001b55   Thumb Code   150  stm32f10x_tim.o(.text)
    TIM_OC4Init                              0x08001beb   Thumb Code   182  stm32f10x_tim.o(.text)
    TIM_SetIC4Prescaler                      0x08001ca1   Thumb Code    26  stm32f10x_tim.o(.text)
    TIM_SetIC3Prescaler                      0x08001d3d   Thumb Code    18  stm32f10x_tim.o(.text)
    TIM_SetIC2Prescaler                      0x08001dc9   Thumb Code    26  stm32f10x_tim.o(.text)
    TIM_SetIC1Prescaler                      0x08001e65   Thumb Code    18  stm32f10x_tim.o(.text)
    TIM_ICInit                               0x08001ee3   Thumb Code   150  stm32f10x_tim.o(.text)
    TIM_PWMIConfig                           0x08001f79   Thumb Code   124  stm32f10x_tim.o(.text)
    TIM_BDTRConfig                           0x08001ff5   Thumb Code    32  stm32f10x_tim.o(.text)
    TIM_TimeBaseStructInit                   0x08002015   Thumb Code    18  stm32f10x_tim.o(.text)
    TIM_OCStructInit                         0x08002027   Thumb Code    20  stm32f10x_tim.o(.text)
    TIM_ICStructInit                         0x0800203b   Thumb Code    18  stm32f10x_tim.o(.text)
    TIM_BDTRStructInit                       0x0800204d   Thumb Code    40  stm32f10x_tim.o(.text)
    TIM_Cmd                                  0x08002075   Thumb Code    24  stm32f10x_tim.o(.text)
    TIM_CtrlPWMOutputs                       0x0800208d   Thumb Code    30  stm32f10x_tim.o(.text)
    TIM_ITConfig                             0x080020ab   Thumb Code    18  stm32f10x_tim.o(.text)
    TIM_GenerateEvent                        0x080020bd   Thumb Code     4  stm32f10x_tim.o(.text)
    TIM_DMAConfig                            0x080020c1   Thumb Code    10  stm32f10x_tim.o(.text)
    TIM_DMACmd                               0x080020cb   Thumb Code    18  stm32f10x_tim.o(.text)
    TIM_InternalClockConfig                  0x080020dd   Thumb Code    12  stm32f10x_tim.o(.text)
    TIM_SelectInputTrigger                   0x080020e9   Thumb Code    18  stm32f10x_tim.o(.text)
    TIM_ITRxExternalClockConfig              0x080020fb   Thumb Code    24  stm32f10x_tim.o(.text)
    TIM_TIxExternalClockConfig               0x08002113   Thumb Code    62  stm32f10x_tim.o(.text)
    TIM_ETRConfig                            0x08002151   Thumb Code    28  stm32f10x_tim.o(.text)
    TIM_ETRClockMode1Config                  0x0800216d   Thumb Code    54  stm32f10x_tim.o(.text)
    TIM_ETRClockMode2Config                  0x080021a3   Thumb Code    32  stm32f10x_tim.o(.text)
    TIM_PrescalerConfig                      0x080021c3   Thumb Code     6  stm32f10x_tim.o(.text)
    TIM_CounterModeConfig                    0x080021c9   Thumb Code    18  stm32f10x_tim.o(.text)
    TIM_EncoderInterfaceConfig               0x080021db   Thumb Code    66  stm32f10x_tim.o(.text)
    TIM_ForcedOC1Config                      0x0800221d   Thumb Code    18  stm32f10x_tim.o(.text)
    TIM_ForcedOC2Config                      0x0800222f   Thumb Code    26  stm32f10x_tim.o(.text)
    TIM_ForcedOC3Config                      0x08002249   Thumb Code    18  stm32f10x_tim.o(.text)
    TIM_ForcedOC4Config                      0x0800225b   Thumb Code    26  stm32f10x_tim.o(.text)
    TIM_ARRPreloadConfig                     0x08002275   Thumb Code    24  stm32f10x_tim.o(.text)
    TIM_SelectCOM                            0x0800228d   Thumb Code    24  stm32f10x_tim.o(.text)
    TIM_SelectCCDMA                          0x080022a5   Thumb Code    24  stm32f10x_tim.o(.text)
    TIM_CCPreloadControl                     0x080022bd   Thumb Code    24  stm32f10x_tim.o(.text)
    TIM_OC1PreloadConfig                     0x080022d5   Thumb Code    18  stm32f10x_tim.o(.text)
    TIM_OC2PreloadConfig                     0x080022e7   Thumb Code    26  stm32f10x_tim.o(.text)
    TIM_OC3PreloadConfig                     0x08002301   Thumb Code    18  stm32f10x_tim.o(.text)
    TIM_OC4PreloadConfig                     0x08002313   Thumb Code    26  stm32f10x_tim.o(.text)
    TIM_OC1FastConfig                        0x0800232d   Thumb Code    18  stm32f10x_tim.o(.text)
    TIM_OC2FastConfig                        0x0800233f   Thumb Code    26  stm32f10x_tim.o(.text)
    TIM_OC3FastConfig                        0x08002359   Thumb Code    18  stm32f10x_tim.o(.text)
    TIM_OC4FastConfig                        0x0800236b   Thumb Code    26  stm32f10x_tim.o(.text)
    TIM_ClearOC1Ref                          0x08002385   Thumb Code    18  stm32f10x_tim.o(.text)
    TIM_ClearOC2Ref                          0x08002397   Thumb Code    24  stm32f10x_tim.o(.text)
    TIM_ClearOC3Ref                          0x080023af   Thumb Code    18  stm32f10x_tim.o(.text)
    TIM_ClearOC4Ref                          0x080023c1   Thumb Code    24  stm32f10x_tim.o(.text)
    TIM_OC1PolarityConfig                    0x080023d9   Thumb Code    18  stm32f10x_tim.o(.text)
    TIM_OC1NPolarityConfig                   0x080023eb   Thumb Code    18  stm32f10x_tim.o(.text)
    TIM_OC2PolarityConfig                    0x080023fd   Thumb Code    26  stm32f10x_tim.o(.text)
    TIM_OC2NPolarityConfig                   0x08002417   Thumb Code    26  stm32f10x_tim.o(.text)
    TIM_OC3PolarityConfig                    0x08002431   Thumb Code    26  stm32f10x_tim.o(.text)
    TIM_OC3NPolarityConfig                   0x0800244b   Thumb Code    26  stm32f10x_tim.o(.text)
    TIM_OC4PolarityConfig                    0x08002465   Thumb Code    26  stm32f10x_tim.o(.text)
    TIM_CCxCmd                               0x0800247f   Thumb Code    30  stm32f10x_tim.o(.text)
    TIM_CCxNCmd                              0x0800249d   Thumb Code    30  stm32f10x_tim.o(.text)
    TIM_SelectOCxM                           0x080024bb   Thumb Code    82  stm32f10x_tim.o(.text)
    TIM_UpdateDisableConfig                  0x0800250d   Thumb Code    24  stm32f10x_tim.o(.text)
    TIM_UpdateRequestConfig                  0x08002525   Thumb Code    24  stm32f10x_tim.o(.text)
    TIM_SelectHallSensor                     0x0800253d   Thumb Code    24  stm32f10x_tim.o(.text)
    TIM_SelectOnePulseMode                   0x08002555   Thumb Code    18  stm32f10x_tim.o(.text)
    TIM_SelectOutputTrigger                  0x08002567   Thumb Code    18  stm32f10x_tim.o(.text)
    TIM_SelectSlaveMode                      0x08002579   Thumb Code    18  stm32f10x_tim.o(.text)
    TIM_SelectMasterSlaveMode                0x0800258b   Thumb Code    18  stm32f10x_tim.o(.text)
    TIM_SetCounter                           0x0800259d   Thumb Code     4  stm32f10x_tim.o(.text)
    TIM_SetAutoreload                        0x080025a1   Thumb Code     4  stm32f10x_tim.o(.text)
    TIM_SetCompare1                          0x080025a5   Thumb Code     4  stm32f10x_tim.o(.text)
    TIM_SetCompare2                          0x080025a9   Thumb Code     4  stm32f10x_tim.o(.text)
    TIM_SetCompare3                          0x080025ad   Thumb Code     4  stm32f10x_tim.o(.text)
    TIM_SetCompare4                          0x080025b1   Thumb Code     6  stm32f10x_tim.o(.text)
    TIM_SetClockDivision                     0x080025b7   Thumb Code    18  stm32f10x_tim.o(.text)
    TIM_GetCapture1                          0x080025c9   Thumb Code     6  stm32f10x_tim.o(.text)
    TIM_GetCapture2                          0x080025cf   Thumb Code     6  stm32f10x_tim.o(.text)
    TIM_GetCapture3                          0x080025d5   Thumb Code     6  stm32f10x_tim.o(.text)
    TIM_GetCapture4                          0x080025db   Thumb Code     8  stm32f10x_tim.o(.text)
    TIM_GetCounter                           0x080025e3   Thumb Code     6  stm32f10x_tim.o(.text)
    TIM_GetPrescaler                         0x080025e9   Thumb Code     6  stm32f10x_tim.o(.text)
    TIM_GetFlagStatus                        0x080025ef   Thumb Code    18  stm32f10x_tim.o(.text)
    TIM_ClearFlag                            0x08002601   Thumb Code     6  stm32f10x_tim.o(.text)
    TIM_GetITStatus                          0x08002607   Thumb Code    34  stm32f10x_tim.o(.text)
    TIM_ClearITPendingBit                    0x08002629   Thumb Code     6  stm32f10x_tim.o(.text)
    IWDG_WriteAccessCmd                      0x08002631   Thumb Code     6  stm32f10x_iwdg.o(.text)
    IWDG_SetPrescaler                        0x08002637   Thumb Code     6  stm32f10x_iwdg.o(.text)
    IWDG_SetReload                           0x0800263d   Thumb Code     6  stm32f10x_iwdg.o(.text)
    IWDG_ReloadCounter                       0x08002643   Thumb Code    10  stm32f10x_iwdg.o(.text)
    IWDG_Enable                              0x0800264d   Thumb Code    10  stm32f10x_iwdg.o(.text)
    IWDG_GetFlagStatus                       0x08002657   Thumb Code    20  stm32f10x_iwdg.o(.text)
    DBGMCU_GetREVID                          0x08002671   Thumb Code     8  stm32f10x_dbgmcu.o(.text)
    DBGMCU_GetDEVID                          0x08002679   Thumb Code    10  stm32f10x_dbgmcu.o(.text)
    DBGMCU_Config                            0x08002683   Thumb Code    26  stm32f10x_dbgmcu.o(.text)
    SPI_I2S_DeInit                           0x080026a1   Thumb Code    76  stm32f10x_spi.o(.text)
    SPI_Init                                 0x080026ed   Thumb Code    60  stm32f10x_spi.o(.text)
    I2S_Init                                 0x08002729   Thumb Code   226  stm32f10x_spi.o(.text)
    SPI_StructInit                           0x0800280b   Thumb Code    24  stm32f10x_spi.o(.text)
    I2S_StructInit                           0x08002823   Thumb Code    20  stm32f10x_spi.o(.text)
    SPI_Cmd                                  0x08002837   Thumb Code    24  stm32f10x_spi.o(.text)
    I2S_Cmd                                  0x0800284f   Thumb Code    24  stm32f10x_spi.o(.text)
    SPI_I2S_ITConfig                         0x08002867   Thumb Code    32  stm32f10x_spi.o(.text)
    SPI_I2S_DMACmd                           0x08002887   Thumb Code    18  stm32f10x_spi.o(.text)
    SPI_I2S_SendData                         0x08002899   Thumb Code     4  stm32f10x_spi.o(.text)
    SPI_I2S_ReceiveData                      0x0800289d   Thumb Code     6  stm32f10x_spi.o(.text)
    SPI_NSSInternalSoftwareConfig            0x080028a3   Thumb Code    30  stm32f10x_spi.o(.text)
    SPI_SSOutputCmd                          0x080028c1   Thumb Code    24  stm32f10x_spi.o(.text)
    SPI_DataSizeConfig                       0x080028d9   Thumb Code    18  stm32f10x_spi.o(.text)
    SPI_TransmitCRC                          0x080028eb   Thumb Code    10  stm32f10x_spi.o(.text)
    SPI_CalculateCRC                         0x080028f5   Thumb Code    24  stm32f10x_spi.o(.text)
    SPI_GetCRC                               0x0800290d   Thumb Code    16  stm32f10x_spi.o(.text)
    SPI_GetCRCPolynomial                     0x0800291d   Thumb Code     6  stm32f10x_spi.o(.text)
    SPI_BiDirectionalLineConfig              0x08002923   Thumb Code    28  stm32f10x_spi.o(.text)
    SPI_I2S_GetFlagStatus                    0x0800293f   Thumb Code    18  stm32f10x_spi.o(.text)
    SPI_I2S_ClearFlag                        0x08002951   Thumb Code     6  stm32f10x_spi.o(.text)
    SPI_I2S_GetITStatus                      0x08002957   Thumb Code    52  stm32f10x_spi.o(.text)
    SPI_I2S_ClearITPendingBit                0x0800298b   Thumb Code    20  stm32f10x_spi.o(.text)
    CRC16                                    0x080029ad   Thumb Code    48  crc16.o(.text)
    Str2Int                                  0x080029e5   Thumb Code   260  tool.o(.text)
    GetDelay                                 0x08002ae9   Thumb Code    24  tool.o(.text)
    Average16_NoMinMax                       0x08002b01   Thumb Code    88  tool.o(.text)
    GetTimeTick                              0x08002b59   Thumb Code     6  tool.o(.text)
    prvSetupHardware                         0x08002b65   Thumb Code    38  bsp_init.o(.text)
    InitBspGPIO                              0x08002b8b   Thumb Code   126  bsp_init.o(.text)
    IWDG_Init                                0x08002c09   Thumb Code    42  bsp_init.o(.text)
    Uart1DMAInit                             0x08002c33   Thumb Code   100  bsp_init.o(.text)
    Usart1Int_Configuration                  0x08002c97   Thumb Code    34  bsp_init.o(.text)
    USART_COM1_Init                          0x08002cb9   Thumb Code   146  bsp_init.o(.text)
    Uart2DMAInit                             0x08002d4b   Thumb Code   108  bsp_init.o(.text)
    Usart2Int_Configuration                  0x08002db7   Thumb Code    34  bsp_init.o(.text)
    USART_COM2_Init                          0x08002dd9   Thumb Code   148  bsp_init.o(.text)
    Uart3DMAInit                             0x08002e6d   Thumb Code   108  bsp_init.o(.text)
    Usart3Int_Configuration                  0x08002ed9   Thumb Code    34  bsp_init.o(.text)
    USART_COM3_Init                          0x08002efb   Thumb Code   174  bsp_init.o(.text)
    TimeTickInit                             0x08002fa9   Thumb Code    20  bsp_init.o(.text)
    MotoInit                                 0x08002fbd   Thumb Code    20  bsp_init.o(.text)
    InitMPhaseBsp                            0x08002fd1   Thumb Code    34  bsp_init.o(.text)
    Usart1DmaSend                            0x08002ff9   Thumb Code    58  uartdeal.o(.text)
    Usart2DmaSend                            0x08003033   Thumb Code    82  uartdeal.o(.text)
    Usart3DmaSend                            0x08003085   Thumb Code    76  uartdeal.o(.text)
    Uart4DmaSend                             0x080030d1   Thumb Code    92  uartdeal.o(.text)
    UartSendNoDMA                            0x0800312d   Thumb Code    72  uartdeal.o(.text)
    fputc                                    0x08003175   Thumb Code    32  uartdeal.o(.text)
    systick_init                             0x080031b1   Thumb Code   108  systick.o(.text)
    delay_us                                 0x0800321d   Thumb Code    40  systick.o(.text)
    delay_ms                                 0x08003245   Thumb Code    32  systick.o(.text)
    delay_s                                  0x08003265   Thumb Code    38  systick.o(.text)
    SysTickDelayTime_Counter                 0x0800328b   Thumb Code    18  systick.o(.text)
    TIMx_Setus                               0x080032ad   Thumb Code    78  setuptimer.o(.text)
    Timx_SetupNVIC                           0x080032fb   Thumb Code    34  setuptimer.o(.text)
    setUpPWM                                 0x0800331d   Thumb Code   206  setuptimer.o(.text)
    PWMCtrl                                  0x080033eb   Thumb Code    28  setuptimer.o(.text)
    setPwmDuty1                              0x08003407   Thumb Code    54  setuptimer.o(.text)
    setPwmDuty2                              0x0800343d   Thumb Code    54  setuptimer.o(.text)
    StoreDataToFlash                         0x08003481   Thumb Code    78  eeprom.o(.text)
    ReadDataFromFlash                        0x080034cf   Thumb Code    28  eeprom.o(.text)
    readEeprom                               0x080034eb   Thumb Code     6  eeprom.o(.text)
    writeEeprom                              0x080034f1   Thumb Code    42  eeprom.o(.text)
    ClearEeprom                              0x0800351b   Thumb Code    20  eeprom.o(.text)
    main                                     0x08003539   Thumb Code    28  main.o(.text)
    SysTick_Handler                          0x08003569   Thumb Code     8  stm32f10x_it.o(.text)
    USART3_IRQHandler                        0x08003571   Thumb Code    86  stm32f10x_it.o(.text)
    USART2_IRQHandler                        0x080035c7   Thumb Code    44  stm32f10x_it.o(.text)
    USART1_IRQHandler                        0x080035f3   Thumb Code    98  stm32f10x_it.o(.text)
    TIM2_IRQHandler                          0x08003655   Thumb Code   186  stm32f10x_it.o(.text)
    EXTI4_IRQHandler                         0x0800370f   Thumb Code    20  stm32f10x_it.o(.text)
    EXTI9_5_IRQHandler                       0x08003723   Thumb Code    18  stm32f10x_it.o(.text)
    DMA1_Channel7_IRQHandler                 0x08003735   Thumb Code    38  stm32f10x_it.o(.text)
    DMA1_Channel2_IRQHandler                 0x0800375b   Thumb Code    30  stm32f10x_it.o(.text)
    SaveConfig                               0x080037ad   Thumb Code    92  apprunctr.o(.text)
    getIPFromStr                             0x08003809   Thumb Code   194  apprunctr.o(.text)
    CmdSetDeal                               0x080038cb   Thumb Code   536  apprunctr.o(.text)
    PcConfigDeal                             0x08003ae3   Thumb Code    34  apprunctr.o(.text)
    ReadConfig                               0x08003b05   Thumb Code   122  apprunctr.o(.text)
    AppProgramme                             0x08003b7f   Thumb Code   310  apprunctr.o(.text)
    setPLC_ip                                0x08003cb5   Thumb Code    56  apprunctr.o(.text)
    setPLC_port                              0x08003ced   Thumb Code    40  apprunctr.o(.text)
    Error_Handler                            0x08003d15   Thumb Code    38  apprunctr.o(.text)
    ltebuf_clear                             0x08003de5   Thumb Code    14  lte4g.o(.text)
    lte_send_cmd                             0x08003df3   Thumb Code   122  lte4g.o(.text)
    lte_send_data                            0x08003e6d   Thumb Code    18  lte4g.o(.text)
    LteSendData                              0x08003e7f   Thumb Code    42  lte4g.o(.text)
    ServerCmdDeal                            0x08003ea9   Thumb Code   424  lte4g.o(.text)
    LteReceCallBack                          0x08004051   Thumb Code    28  lte4g.o(.text)
    LTE_DataRxTx                             0x0800406d   Thumb Code   450  lte4g.o(.text)
    LTE_RXTX                                 0x0800422f   Thumb Code   292  lte4g.o(.text)
    LTE_Connect                              0x08004353   Thumb Code   150  lte4g.o(.text)
    LTE_NetCfg                               0x080043e9   Thumb Code   356  lte4g.o(.text)
    LTE_Init                                 0x0800454d   Thumb Code   812  lte4g.o(.text)
    LTE_PowerUP                              0x08004879   Thumb Code   140  lte4g.o(.text)
    LTE4G_AppRun                             0x08004905   Thumb Code   288  lte4g.o(.text)
    getLteState                              0x08004a25   Thumb Code     6  lte4g.o(.text)
    updataPlcStatus                          0x08004a2b   Thumb Code   102  lte4g.o(.text)
    close                                    0x08004b2d   Thumb Code    52  socket.o(.text)
    socket                                   0x08004b61   Thumb Code   192  socket.o(.text)
    listen                                   0x08004c21   Thumb Code    62  socket.o(.text)
    connect                                  0x08004c5f   Thumb Code   248  socket.o(.text)
    disconnect                               0x08004d57   Thumb Code    38  socket.o(.text)
    send                                     0x08004d7d   Thumb Code   210  socket.o(.text)
    recv                                     0x08004e4f   Thumb Code    66  socket.o(.text)
    sendto                                   0x08004e91   Thumb Code   268  socket.o(.text)
    recvfrom                                 0x08004f9d   Thumb Code   488  socket.o(.text)
    setMR                                    0x08005185   Thumb Code    14  w5500.o(.text)
    iinchip_init                             0x08005193   Thumb Code    10  w5500.o(.text)
    getIINCHIP_RxMAX                         0x0800519d   Thumb Code    10  w5500.o(.text)
    getIINCHIP_TxMAX                         0x080051a7   Thumb Code    10  w5500.o(.text)
    setGAR                                   0x080051b1   Thumb Code    16  w5500.o(.text)
    getGAR                                   0x080051c1   Thumb Code    16  w5500.o(.text)
    setSUBR                                  0x080051d1   Thumb Code    18  w5500.o(.text)
    setSHAR                                  0x080051e3   Thumb Code    18  w5500.o(.text)
    setSIPR                                  0x080051f5   Thumb Code    18  w5500.o(.text)
    getSUBR                                  0x08005207   Thumb Code    18  w5500.o(.text)
    getSHAR                                  0x08005219   Thumb Code    18  w5500.o(.text)
    getSIPR                                  0x0800522b   Thumb Code    18  w5500.o(.text)
    getIR                                    0x0800523d   Thumb Code    12  w5500.o(.text)
    setRTR                                   0x08005249   Thumb Code    26  w5500.o(.text)
    setRCR                                   0x08005263   Thumb Code    16  w5500.o(.text)
    clearIR                                  0x08005273   Thumb Code    26  w5500.o(.text)
    setSn_MSS                                0x0800528d   Thumb Code    36  w5500.o(.text)
    setSn_TTL                                0x080052b1   Thumb Code    22  w5500.o(.text)
    getSn_IR                                 0x080052c7   Thumb Code    18  w5500.o(.text)
    setSn_IR                                 0x080052d9   Thumb Code    22  w5500.o(.text)
    getSn_SR                                 0x080052ef   Thumb Code    18  w5500.o(.text)
    getSn_TX_FSR                             0x08005301   Thumb Code    84  w5500.o(.text)
    getSn_RX_RSR                             0x08005355   Thumb Code    84  w5500.o(.text)
    send_data_processing                     0x080053a9   Thumb Code   116  w5500.o(.text)
    recv_data_processing                     0x0800541d   Thumb Code   116  w5500.o(.text)
    socket_buf_init                          0x08005491   Thumb Code   128  w5500.o(.text)
    set_w5500_ip                             0x08005559   Thumb Code   124  w5500_conf.o(.text)
    set_w5500_mac                            0x080055d5   Thumb Code    32  w5500_conf.o(.text)
    gpio_for_w5500_config                    0x080055f5   Thumb Code   270  w5500_conf.o(.text)
    wiz_cs                                   0x08005703   Thumb Code    30  w5500_conf.o(.text)
    iinchip_csoff                            0x08005721   Thumb Code    10  w5500_conf.o(.text)
    iinchip_cson                             0x0800572b   Thumb Code    10  w5500_conf.o(.text)
    reset_w5500                              0x08005735   Thumb Code    34  w5500_conf.o(.text)
    SPI_SendByte                             0x08005757   Thumb Code    50  w5500_conf.o(.text)
    IINCHIP_SpiSendData                      0x08005789   Thumb Code    12  w5500_conf.o(.text)
    IINCHIP_WRITE                            0x08005795   Thumb Code    50  w5500_conf.o(.text)
    IINCHIP_READ                             0x080057c7   Thumb Code    50  w5500_conf.o(.text)
    wiz_write_buf                            0x080057f9   Thumb Code    72  w5500_conf.o(.text)
    wiz_read_buf                             0x08005841   Thumb Code    70  w5500_conf.o(.text)
    write_config_to_eeprom                   0x08005887   Thumb Code     2  w5500_conf.o(.text)
    read_config_from_eeprom                  0x08005889   Thumb Code     2  w5500_conf.o(.text)
    dhcp_timer_init                          0x0800588b   Thumb Code     2  w5500_conf.o(.text)
    ntp_timer_init                           0x0800588d   Thumb Code     2  w5500_conf.o(.text)
    timer2_isr                               0x0800588f   Thumb Code    46  w5500_conf.o(.text)
    reboot                                   0x080058bd   Thumb Code    12  w5500_conf.o(.text)
    do_tcp_server                            0x080058fd   Thumb Code   118  tcp_demo.o(.text)
    W5500_TcpReceive                         0x08005973   Thumb Code    16  tcp_demo.o(.text)
    do_tcp_client                            0x08005983   Thumb Code   316  tcp_demo.o(.text)
    Tcp_AppRun                               0x08005abf   Thumb Code   108  tcp_demo.o(.text)
    resetW5500                               0x08005b2b   Thumb Code     8  tcp_demo.o(.text)
    setW5500_ip                              0x08005b33   Thumb Code    36  tcp_demo.o(.text)
    getW5500Connect                          0x08005b57   Thumb Code    16  tcp_demo.o(.text)
    W5500_TcpSend                            0x08005b67   Thumb Code    28  tcp_demo.o(.text)
    W5500_HeartSend                          0x08005b83   Thumb Code    36  tcp_demo.o(.text)
    __aeabi_memcpy                           0x08005bed   Thumb Code    36  memcpya.o(.text)
    __aeabi_memcpy4                          0x08005bed   Thumb Code     0  memcpya.o(.text)
    __aeabi_memcpy8                          0x08005bed   Thumb Code     0  memcpya.o(.text)
    __aeabi_memset                           0x08005c11   Thumb Code    14  memseta.o(.text)
    __aeabi_memset4                          0x08005c11   Thumb Code     0  memseta.o(.text)
    __aeabi_memset8                          0x08005c11   Thumb Code     0  memseta.o(.text)
    __aeabi_memclr                           0x08005c1f   Thumb Code     4  memseta.o(.text)
    __aeabi_memclr4                          0x08005c1f   Thumb Code     0  memseta.o(.text)
    __aeabi_memclr8                          0x08005c1f   Thumb Code     0  memseta.o(.text)
    _memset$wrapper                          0x08005c23   Thumb Code    18  memseta.o(.text)
    strstr                                   0x08005c35   Thumb Code    36  strstr.o(.text)
    strlen                                   0x08005c59   Thumb Code    14  strlen.o(.text)
    strcmp                                   0x08005c67   Thumb Code    28  strcmp.o(.text)
    atoi                                     0x08005c83   Thumb Code    26  atoi.o(.text)
    __aeabi_fmul                             0x08005c9d   Thumb Code   100  fmul.o(.text)
    __aeabi_fdiv                             0x08005d01   Thumb Code   124  fdiv.o(.text)
    __aeabi_ui2f                             0x08005d7d   Thumb Code    10  ffltui.o(.text)
    __aeabi_f2uiz                            0x08005d87   Thumb Code    40  ffixui.o(.text)
    __aeabi_uldivmod                         0x08005daf   Thumb Code    98  uldiv.o(.text)
    strtol                                   0x08005e11   Thumb Code   112  strtol.o(.text)
    __I$use$fp                               0x08005e81   Thumb Code     0  iusefp.o(.text)
    _float_round                             0x08005e81   Thumb Code    18  fepilogue.o(.text)
    _float_epilogue                          0x08005e93   Thumb Code    92  fepilogue.o(.text)
    __scatterload                            0x08005ef1   Thumb Code    28  init.o(.text)
    __scatterload_rt2                        0x08005ef1   Thumb Code     0  init.o(.text)
    __aeabi_llsl                             0x08005f15   Thumb Code    30  llshl.o(.text)
    _ll_shift_l                              0x08005f15   Thumb Code     0  llshl.o(.text)
    __aeabi_llsr                             0x08005f33   Thumb Code    32  llushr.o(.text)
    _ll_ushift_r                             0x08005f33   Thumb Code     0  llushr.o(.text)
    __rt_ctype_table                         0x08005f55   Thumb Code     4  ctype_o.o(.text)
    _strtoul                                 0x08005f5d   Thumb Code   158  _strtoul.o(.text)
    _chval                                   0x08005ffb   Thumb Code    28  _chval.o(.text)
    __0printf$8                              0x08006019   Thumb Code    22  printf8.o(i.__0printf$8)
    __1printf$8                              0x08006019   Thumb Code     0  printf8.o(i.__0printf$8)
    __2printf                                0x08006019   Thumb Code     0  printf8.o(i.__0printf$8)
    __0sprintf$8                             0x08006039   Thumb Code    34  printf8.o(i.__0sprintf$8)
    __1sprintf$8                             0x08006039   Thumb Code     0  printf8.o(i.__0sprintf$8)
    __2sprintf                               0x08006039   Thumb Code     0  printf8.o(i.__0sprintf$8)
    __aeabi_errno_addr                       0x08006061   Thumb Code     4  errno.o(i.__aeabi_errno_addr)
    __rt_errno_addr                          0x08006061   Thumb Code     0  errno.o(i.__aeabi_errno_addr)
    __scatterload_copy                       0x08006069   Thumb Code    14  handlers.o(i.__scatterload_copy)
    __scatterload_null                       0x08006077   Thumb Code     2  handlers.o(i.__scatterload_null)
    __scatterload_zeroinit                   0x08006079   Thumb Code    14  handlers.o(i.__scatterload_zeroinit)
    auchCRCHi                                0x080064f4   Data         256  crc16.o(.constdata)
    auchCRCLo                                0x080065f4   Data         256  crc16.o(.constdata)
    __ctype_table                            0x080066f4   Data         129  ctype_o.o(.constdata)
    Region$$Table$$Base                      0x080067a8   Number         0  anon$$obj.o(Region$$Table)
    Region$$Table$$Limit                     0x080067c8   Number         0  anon$$obj.o(Region$$Table)
    SystemCoreClock                          0x20000000   Data           4  system_stm32f10x.o(.data)
    AHBPrescTable                            0x20000004   Data          16  system_stm32f10x.o(.data)
    SysTickDelayTime                         0x20000028   Data           4  systick.o(.data)
    systick_ms                               0x2000002c   Data           4  globeram.o(.data)
    deviceAdd                                0x20000030   Data           1  globeram.o(.data)
    SlaverHadTrig                            0x20000031   Data           1  globeram.o(.data)
    KeyValue                                 0x20000032   Data           1  globeram.o(.data)
    LedTimeout                               0x20000033   Data           1  globeram.o(.data)
    checkcount                               0x20000034   Data           1  globeram.o(.data)
    RelayFlag                                0x20000035   Data           1  globeram.o(.data)
    KeyInput                                 0x20000036   Data           4  globeram.o(.data)
    PC485_ToPC                               0x2000003a   Data           1  globeram.o(.data)
    PCWait_Nrf                               0x2000003b   Data           1  globeram.o(.data)
    usart2_485_stime                         0x2000003c   Data           1  stm32f10x_it.o(.data)
    ledtime                                  0x2000003e   Data           2  stm32f10x_it.o(.data)
    ledflag                                  0x20000040   Data           1  stm32f10x_it.o(.data)
    DstSeverModify                           0x20000044   Data           1  apprunctr.o(.data)
    LteServer_IP                             0x20000045   Data           4  apprunctr.o(.data)
    LteServer_Port                           0x2000004a   Data           2  apprunctr.o(.data)
    LteServer_Time                           0x2000004c   Data           2  apprunctr.o(.data)
    PlcServer_IP                             0x2000004e   Data           4  apprunctr.o(.data)
    PlcServer_Port                           0x20000052   Data           2  apprunctr.o(.data)
    PlcServer_Time                           0x20000054   Data           2  apprunctr.o(.data)
    LTE_run_state                            0x20000060   Data           1  lte4g.o(.data)
    lte_power_state                          0x20000061   Data           1  lte4g.o(.data)
    lte_init_state                           0x20000062   Data           1  lte4g.o(.data)
    lte_netcfg_state                         0x20000063   Data           1  lte4g.o(.data)
    lte_connect_state                        0x20000064   Data           1  lte4g.o(.data)
    lte_txrx_state                           0x20000065   Data           1  lte4g.o(.data)
    lte_rxlen                                0x20000066   Data           2  lte4g.o(.data)
    lte_txlen                                0x20000068   Data           2  lte4g.o(.data)
    ToChangeLteServer                        0x2000006a   Data           1  lte4g.o(.data)
    send_flag                                0x2000006b   Data           1  lte4g.o(.data)
    connect_flag                             0x2000006c   Data           1  lte4g.o(.data)
    tcp_ip                                   0x20000070   Data           4  lte4g.o(.data)
    txsize                                   0x20000091   Data           8  w5500.o(.data)
    rxsize                                   0x20000099   Data           8  w5500.o(.data)
    mac                                      0x200000a4   Data           6  w5500_conf.o(.data)
    local_ip                                 0x200000aa   Data           4  w5500_conf.o(.data)
    subnet                                   0x200000ae   Data           4  w5500_conf.o(.data)
    gateway                                  0x200000b2   Data           4  w5500_conf.o(.data)
    dns_server                               0x200000b6   Data           4  w5500_conf.o(.data)
    local_port                               0x200000ba   Data           2  w5500_conf.o(.data)
    remote_ip                                0x200000bc   Data           4  w5500_conf.o(.data)
    remote_port                              0x200000c0   Data           2  w5500_conf.o(.data)
    ip_from                                  0x200000c2   Data           1  w5500_conf.o(.data)
    dhcp_ok                                  0x200000c3   Data           1  w5500_conf.o(.data)
    ms                                       0x200000c4   Data           4  w5500_conf.o(.data)
    dhcp_time                                0x200000c8   Data           4  w5500_conf.o(.data)
    ntptimer                                 0x200000cc   Data           1  w5500_conf.o(.data)
    w5500_rlen                               0x200000d0   Data           2  tcp_demo.o(.data)
    w5500_slen                               0x200000d2   Data           2  tcp_demo.o(.data)
    TCP_ClientState                          0x200000d4   Data           1  tcp_demo.o(.data)
    ToChangePlcServer                        0x200000d5   Data           1  tcp_demo.o(.data)
    tcpinit_state                            0x200000d6   Data           1  tcp_demo.o(.data)
    __stdout                                 0x200000e0   Data           4  stdout.o(.data)
    PcCmdBuf                                 0x200000e8   Data        2006  apprunctr.o(.bss)
    lte_rxbuf                                0x200008be   Data         256  lte4g.o(.bss)
    lte_txbuf                                0x200009be   Data         256  lte4g.o(.bss)
    lte_cmdbuf                               0x20000abe   Data          64  lte4g.o(.bss)
    LteSData                                 0x20000afe   Data         260  lte4g.o(.bss)
    LteRBuf                                  0x20000c02   Data        2006  lte4g.o(.bss)
    LteSerIP                                 0x200013d8   Data          60  lte4g.o(.bss)
    CmdReply                                 0x20001414   Data          30  lte4g.o(.bss)
    SSIZE                                    0x20001432   Data          16  w5500.o(.bss)
    RSIZE                                    0x20001442   Data          16  w5500.o(.bss)
    ConfigMsg                                0x20001452   Data          28  w5500_conf.o(.bss)
    EEPROM_MSG                               0x2000146e   Data          18  w5500_conf.o(.bss)
    DHCP_GET                                 0x20001480   Data          22  dhcp.o(.bss)
    EXTERN_DHCPBUF                           0x20001496   Data        1024  dhcp.o(.bss)
    w5500_rbuf                               0x20001896   Data        2048  tcp_demo.o(.bss)
    w5500_sbuf                               0x20002096   Data        2048  tcp_demo.o(.bss)
    __initial_sp                             0x20002c98   Data           0  startup_stm32f10x_md.o(STACK)



==============================================================================

Memory Map of the image

  Image Entry point : 0x080000ed

  Load Region LR_IROM1 (Base: 0x08000000, Size: 0x000068b0, Max: 0x00010000, ABSOLUTE)

    Execution Region ER_IROM1 (Base: 0x08000000, Size: 0x000067c8, Max: 0x00010000, ABSOLUTE)

    Base Addr    Size         Type   Attr      Idx    E Section Name        Object

    0x08000000   0x000000ec   Data   RO            3    RESET               startup_stm32f10x_md.o
    0x080000ec   0x00000000   Code   RO          628  * .ARM.Collect$$$$00000000  mc_w.l(entry.o)
    0x080000ec   0x00000004   Code   RO          926    .ARM.Collect$$$$00000001  mc_w.l(entry2.o)
    0x080000f0   0x00000004   Code   RO          929    .ARM.Collect$$$$00000004  mc_w.l(entry5.o)
    0x080000f4   0x00000000   Code   RO          931    .ARM.Collect$$$$00000008  mc_w.l(entry7b.o)
    0x080000f4   0x00000000   Code   RO          933    .ARM.Collect$$$$0000000A  mc_w.l(entry8b.o)
    0x080000f4   0x00000008   Code   RO          934    .ARM.Collect$$$$0000000B  mc_w.l(entry9a.o)
    0x080000fc   0x00000000   Code   RO          936    .ARM.Collect$$$$0000000D  mc_w.l(entry10a.o)
    0x080000fc   0x00000000   Code   RO          938    .ARM.Collect$$$$0000000F  mc_w.l(entry11a.o)
    0x080000fc   0x00000004   Code   RO          927    .ARM.Collect$$$$00002712  mc_w.l(entry2.o)
    0x08000100   0x00000024   Code   RO            4    .text               startup_stm32f10x_md.o
    0x08000124   0x000000dc   Code   RO           10    .text               misc.o
    0x08000200   0x000001e0   Code   RO           80    .text               system_stm32f10x.o
    0x080003e0   0x0000011c   Code   RO          113    .text               stm32f10x_exti.o
    0x080004fc   0x000005bc   Code   RO          125    .text               stm32f10x_flash.o
    0x08000ab8   0x0000035c   Code   RO          140    .text               stm32f10x_gpio.o
    0x08000e14   0x000003a4   Code   RO          152    .text               stm32f10x_rcc.o
    0x080011b8   0x00000408   Code   RO          166    .text               stm32f10x_usart.o
    0x080015c0   0x00000254   Code   RO          178    .text               stm32f10x_dma.o
    0x08001814   0x00000e1a   Code   RO          190    .text               stm32f10x_tim.o
    0x0800262e   0x00000002   PAD
    0x08002630   0x00000040   Code   RO          202    .text               stm32f10x_iwdg.o
    0x08002670   0x00000030   Code   RO          214    .text               stm32f10x_dbgmcu.o
    0x080026a0   0x0000030c   Code   RO          226    .text               stm32f10x_spi.o
    0x080029ac   0x00000038   Code   RO          238    .text               crc16.o
    0x080029e4   0x00000180   Code   RO          256    .text               tool.o
    0x08002b64   0x00000494   Code   RO          272    .text               bsp_init.o
    0x08002ff8   0x000001b8   Code   RO          325    .text               uartdeal.o
    0x080031b0   0x000000fc   Code   RO          337    .text               systick.o
    0x080032ac   0x000001d4   Code   RO          356    .text               setuptimer.o
    0x08003480   0x000000b8   Code   RO          368    .text               eeprom.o
    0x08003538   0x00000030   Code   RO          395    .text               main.o
    0x08003568   0x00000244   Code   RO          407    .text               stm32f10x_it.o
    0x080037ac   0x00000638   Code   RO          423    .text               apprunctr.o
    0x08003de4   0x00000d48   Code   RO          450    .text               lte4g.o
    0x08004b2c   0x00000658   Code   RO          478    .text               socket.o
    0x08005184   0x000003d4   Code   RO          531    .text               w5500.o
    0x08005558   0x000003a4   Code   RO          554    .text               w5500_conf.o
    0x080058fc   0x000002f0   Code   RO          607    .text               tcp_demo.o
    0x08005bec   0x00000024   Code   RO          631    .text               mc_w.l(memcpya.o)
    0x08005c10   0x00000024   Code   RO          633    .text               mc_w.l(memseta.o)
    0x08005c34   0x00000024   Code   RO          635    .text               mc_w.l(strstr.o)
    0x08005c58   0x0000000e   Code   RO          639    .text               mc_w.l(strlen.o)
    0x08005c66   0x0000001c   Code   RO          641    .text               mc_w.l(strcmp.o)
    0x08005c82   0x0000001a   Code   RO          916    .text               mc_w.l(atoi.o)
    0x08005c9c   0x00000064   Code   RO          918    .text               mf_w.l(fmul.o)
    0x08005d00   0x0000007c   Code   RO          920    .text               mf_w.l(fdiv.o)
    0x08005d7c   0x0000000a   Code   RO          922    .text               mf_w.l(ffltui.o)
    0x08005d86   0x00000028   Code   RO          924    .text               mf_w.l(ffixui.o)
    0x08005dae   0x00000062   Code   RO          943    .text               mc_w.l(uldiv.o)
    0x08005e10   0x00000070   Code   RO          952    .text               mc_w.l(strtol.o)
    0x08005e80   0x00000000   Code   RO          954    .text               mc_w.l(iusefp.o)
    0x08005e80   0x0000006e   Code   RO          955    .text               mf_w.l(fepilogue.o)
    0x08005eee   0x00000002   PAD
    0x08005ef0   0x00000024   Code   RO          967    .text               mc_w.l(init.o)
    0x08005f14   0x0000001e   Code   RO          969    .text               mc_w.l(llshl.o)
    0x08005f32   0x00000020   Code   RO          971    .text               mc_w.l(llushr.o)
    0x08005f52   0x00000002   PAD
    0x08005f54   0x00000008   Code   RO          975    .text               mc_w.l(ctype_o.o)
    0x08005f5c   0x0000009e   Code   RO         1003    .text               mc_w.l(_strtoul.o)
    0x08005ffa   0x0000001c   Code   RO         1007    .text               mc_w.l(_chval.o)
    0x08006016   0x00000002   PAD
    0x08006018   0x00000020   Code   RO          862    i.__0printf$8       mc_w.l(printf8.o)
    0x08006038   0x00000028   Code   RO          864    i.__0sprintf$8      mc_w.l(printf8.o)
    0x08006060   0x00000008   Code   RO          945    i.__aeabi_errno_addr  mc_w.l(errno.o)
    0x08006068   0x0000000e   Code   RO         1011    i.__scatterload_copy  mc_w.l(handlers.o)
    0x08006076   0x00000002   Code   RO         1012    i.__scatterload_null  mc_w.l(handlers.o)
    0x08006078   0x0000000e   Code   RO         1013    i.__scatterload_zeroinit  mc_w.l(handlers.o)
    0x08006086   0x00000002   PAD
    0x08006088   0x00000410   Code   RO          869    i._printf_core      mc_w.l(printf8.o)
    0x08006498   0x00000024   Code   RO          870    i._printf_post_padding  mc_w.l(printf8.o)
    0x080064bc   0x0000002e   Code   RO          871    i._printf_pre_padding  mc_w.l(printf8.o)
    0x080064ea   0x0000000a   Code   RO          873    i._sputc            mc_w.l(printf8.o)
    0x080064f4   0x00000200   Data   RO          239    .constdata          crc16.o
    0x080066f4   0x00000081   Data   RO          976    .constdata          mc_w.l(ctype_o.o)
    0x08006775   0x00000003   PAD
    0x08006778   0x00000004   Data   RO          977    .constdata          mc_w.l(ctype_o.o)
    0x0800677c   0x0000002a   Data   RO          452    .conststring        lte4g.o
    0x080067a6   0x00000002   PAD
    0x080067a8   0x00000020   Data   RO         1009    Region$$Table       anon$$obj.o


    Execution Region RW_IRAM1 (Base: 0x20000000, Size: 0x00002c98, Max: 0x00005000, ABSOLUTE)

    Base Addr    Size         Type   Attr      Idx    E Section Name        Object

    0x20000000   0x00000014   Data   RW           81    .data               system_stm32f10x.o
    0x20000014   0x00000014   Data   RW          153    .data               stm32f10x_rcc.o
    0x20000028   0x00000004   Data   RW          338    .data               systick.o
    0x2000002c   0x00000010   Data   RW          383    .data               globeram.o
    0x2000003c   0x00000005   Data   RW          408    .data               stm32f10x_it.o
    0x20000041   0x00000003   PAD
    0x20000044   0x0000001c   Data   RW          425    .data               apprunctr.o
    0x20000060   0x00000031   Data   RW          453    .data               lte4g.o
    0x20000091   0x00000010   Data   RW          533    .data               w5500.o
    0x200000a1   0x00000003   PAD
    0x200000a4   0x00000029   Data   RW          556    .data               w5500_conf.o
    0x200000cd   0x00000003   PAD
    0x200000d0   0x00000010   Data   RW          609    .data               tcp_demo.o
    0x200000e0   0x00000004   Data   RW          940    .data               mc_w.l(stdout.o)
    0x200000e4   0x00000004   Data   RW          948    .data               mc_w.l(errno.o)
    0x200000e8   0x000007d6   Zero   RW          424    .bss                apprunctr.o
    0x200008be   0x00000b74   Zero   RW          451    .bss                lte4g.o
    0x20001432   0x00000020   Zero   RW          532    .bss                w5500.o
    0x20001452   0x0000002e   Zero   RW          555    .bss                w5500_conf.o
    0x20001480   0x00000416   Zero   RW          583    .bss                dhcp.o
    0x20001896   0x00001000   Zero   RW          608    .bss                tcp_demo.o
    0x20002896   0x00000002   PAD
    0x20002898   0x00000400   Zero   RW            1    STACK               startup_stm32f10x_md.o


==============================================================================

Image component sizes


      Code (inc. data)   RO Data    RW Data    ZI Data      Debug   Object Name

      1592        308          0         28       2006       5285   apprunctr.o
      1172         30          0          0          0       6080   bsp_init.o
        56          8        512          0          0       1298   crc16.o
         0          0          0          0       1046       4482   dhcp.o
       184         10          0          0          0       1508   eeprom.o
         0          0          0         16          0        877   globeram.o
      3400        644         42         49       2932       7364   lte4g.o
        48         20          0          0          0        463   main.o
       220         22          0          0          0     272181   misc.o
       468         14          0          0          0       2105   setuptimer.o
      1624          6          0          0          0       4599   socket.o
        36          8        236          0       1024        836   startup_stm32f10x_md.o
        48          4          0          0          0        856   stm32f10x_dbgmcu.o
       596          8          0          0          0       4314   stm32f10x_dma.o
       284         10          0          0          0       2223   stm32f10x_exti.o
      1468         34          0          0          0      14362   stm32f10x_flash.o
       860         38          0          0          0       5629   stm32f10x_gpio.o
       580         52          0          5          0       2173   stm32f10x_it.o
        64          6          0          0          0       1261   stm32f10x_iwdg.o
       932         36          0         20          0       8804   stm32f10x_rcc.o
       780         14          0          0          0       6514   stm32f10x_spi.o
      3610         88          0          0          0      22120   stm32f10x_tim.o
      1032         22          0          0          0       8356   stm32f10x_usart.o
       480         38          0         20          0       1879   system_stm32f10x.o
       252         16          0          4          0      16652   systick.o
       752         70          0         16       4096       3608   tcp_demo.o
       384          6          0          0          0       3487   tool.o
       440         28          0          0          0       2229   uartdeal.o
       980         72          0         16         32       5912   w5500.o
       932         52          0         41         46       6791   w5500_conf.o

    ----------------------------------------------------------------------
     23276       1664        824        224      11184     424248   Object Totals
         0          0         32          0          0          0   (incl. Generated)
         2          0          2          9          2          0   (incl. Padding)

    ----------------------------------------------------------------------

      Code (inc. data)   RO Data    RW Data    ZI Data      Debug   Library Member Name

        28          0          0          0          0         68   _chval.o
       158          0          0          0          0         92   _strtoul.o
        26          0          0          0          0         80   atoi.o
         8          4        133          0          0         68   ctype_o.o
         0          0          0          0          0          0   entry.o
         0          0          0          0          0          0   entry10a.o
         0          0          0          0          0          0   entry11a.o
         8          4          0          0          0          0   entry2.o
         4          0          0          0          0          0   entry5.o
         0          0          0          0          0          0   entry7b.o
         0          0          0          0          0          0   entry8b.o
         8          4          0          0          0          0   entry9a.o
         8          4          0          4          0         68   errno.o
        30          0          0          0          0          0   handlers.o
        36          8          0          0          0         68   init.o
         0          0          0          0          0          0   iusefp.o
        30          0          0          0          0         68   llshl.o
        32          0          0          0          0         68   llushr.o
        36          0          0          0          0         68   memcpya.o
        36          0          0          0          0        108   memseta.o
      1204         60          0          0          0        504   printf8.o
         0          0          0          4          0          0   stdout.o
        28          0          0          0          0         76   strcmp.o
        14          0          0          0          0         68   strlen.o
        36          0          0          0          0         80   strstr.o
       112          0          0          0          0         88   strtol.o
        98          0          0          0          0         92   uldiv.o
       124          0          0          0          0         88   fdiv.o
       110          0          0          0          0        168   fepilogue.o
        40          0          0          0          0         68   ffixui.o
        10          0          0          0          0         68   ffltui.o
       100          0          0          0          0         76   fmul.o

    ----------------------------------------------------------------------
      2332         84        136          8          0       2132   Library Totals
         8          0          3          0          0          0   (incl. Padding)

    ----------------------------------------------------------------------

      Code (inc. data)   RO Data    RW Data    ZI Data      Debug   Library Name

      1940         84        133          8          0       1664   mc_w.l
       384          0          0          0          0        468   mf_w.l

    ----------------------------------------------------------------------
      2332         84        136          8          0       2132   Library Totals

    ----------------------------------------------------------------------

==============================================================================


      Code (inc. data)   RO Data    RW Data    ZI Data      Debug   

     25608       1748        960        232      11184     422528   Grand Totals
     25608       1748        960        232      11184     422528   ELF Image Totals
     25608       1748        960        232          0          0   ROM Totals

==============================================================================

    Total RO  Size (Code + RO Data)                26568 (  25.95kB)
    Total RW  Size (RW Data + ZI Data)             11416 (  11.15kB)
    Total ROM Size (Code + RO Data + RW Data)      26800 (  26.17kB)

==============================================================================

